#
# There is insufficient memory for the Java Runtime Environment to continue.
# Native memory allocation (malloc) failed to allocate 1048576 bytes. Error detail: AllocateHeap
# Possible reasons:
#   The system is out of physical RAM or swap space
#   This process is running with CompressedOops enabled, and the Java Heap may be blocking the growth of the native heap
# Possible solutions:
#   Reduce memory load on the system
#   Increase physical memory or swap space
#   Check if swap backing store is full
#   Decrease Java heap size (-Xmx/-Xms)
#   Decrease number of Java threads
#   Decrease Java thread stack sizes (-Xss)
#   Set larger code cache with -XX:ReservedCodeCacheSize=
#   JVM is running with Unscaled Compressed Oops mode in which the Java heap is
#     placed in the first 4GB address space. The Java Heap base address is the
#     maximum limit for the native heap growth. Please use -XX:HeapBaseMinAddress
#     to set the Java Heap base and to place the Java Heap above 4GB virtual address.
# This output file may be truncated or incomplete.
#
#  Out of Memory Error (allocation.cpp:44), pid=20924, tid=15748
#
# JRE version: OpenJDK Runtime Environment Temurin-21.0.11+10 (21.0.11+10) (build 21.0.11+10-LTS)
# Java VM: OpenJDK 64-Bit Server VM Temurin-21.0.11+10 (21.0.11+10-LTS, mixed mode, sharing, tiered, compressed oops, compressed class ptrs, parallel gc, windows-amd64)
# No core dump will be written. Minidumps are not enabled by default on client versions of Windows
#

---------------  S U M M A R Y ------------

Command Line: --add-modules=ALL-SYSTEM --add-opens=java.base/java.util=ALL-UNNAMED --add-opens=java.base/java.lang=ALL-UNNAMED --add-opens=java.base/sun.nio.fs=ALL-UNNAMED -Declipse.application=org.eclipse.jdt.ls.core.id1 -Dosgi.bundles.defaultStartLevel=4 -Declipse.product=org.eclipse.jdt.ls.core.product -Djava.import.generatesMetadataFilesAtProjectRoot=false -DDetectVMInstallationsJob.disabled=true -Dfile.encoding=utf8 -XX:+UseParallelGC -XX:GCTimeRatio=4 -XX:AdaptiveSizePolicyWeight=90 -Dsun.zip.disableMemoryMapping=true -Xmx2G -Xms100m -Xlog:disable -javaagent:c:\Users\obami\.antigravity-ide\extensions\redhat.java-1.55.0-win32-x64\lombok\lombok-1.18.39-4050.jar -XX:+HeapDumpOnOutOfMemoryError -XX:HeapDumpPath=c:\Users\obami\AppData\Roaming\Antigravity IDE\User\workspaceStorage\91f3a06f79f320ea0fe909bcc61c6b17\redhat.java -Daether.dependencyCollector.impl=bf c:\Users\obami\.antigravity-ide\extensions\redhat.java-1.55.0-win32-x64\server\plugins\org.eclipse.equinox.launcher_1.7.200.v20260619-2039.jar -configuration c:\Users\obami\AppData\Roaming\Antigravity IDE\User\globalStorage\redhat.java\1.55.0\config_win -data c:\Users\obami\AppData\Roaming\Antigravity IDE\User\workspaceStorage\91f3a06f79f320ea0fe909bcc61c6b17\redhat.java\jdt_ws --pipe=\\.\pipe\lsp-58a3b5614d0bfe9af8965f589ac1dc35-sock

Host: 12th Gen Intel(R) Core(TM) i5-1235U, 12 cores, 7G,  Windows 11 , 64 bit Build 26100 (10.0.26100.9168)
Time: Mon Aug 17 23:56:28 2026 W. Central Africa Standard Time elapsed time: 2214.169306 seconds (0d 0h 36m 54s)

---------------  T H R E A D  ---------------

Current thread (0x00000226a2e6f370):  JavaThread "Attach Listener" daemon [_thread_in_vm, id=15748, stack(0x00000051d8000000,0x00000051d8100000) (1024K)]

Stack: [0x00000051d8000000,0x00000051d8100000]
Native frames: (J=compiled Java code, j=interpreted, Vv=VM code, C=native code)
V  [jvm.dll+0x6d7e19]
V  [jvm.dll+0x8b5096]
V  [jvm.dll+0x8b764e]
V  [jvm.dll+0x8b7d33]
V  [jvm.dll+0x284596]
V  [jvm.dll+0xc13c7]
V  [jvm.dll+0x6d86c9]
V  [jvm.dll+0x133616]
V  [jvm.dll+0x3f868e]
V  [jvm.dll+0x85fb0d]
V  [jvm.dll+0x6d664d]
C  [ucrtbase.dll+0x2cd30]
C  [KERNEL32.DLL+0x2ccb7]
C  [ntdll.dll+0xaad6c]


---------------  P R O C E S S  ---------------

Threads class SMR info:
_java_thread_list=0x000002268821a500, length=59, elements={
0x00000226a091b970, 0x00000226a2e67370, 0x00000226a2e69240, 0x00000226a2e6e5b0,
0x00000226a2e6f370, 0x00000226a2e720f0, 0x00000226a2e76480, 0x00000226a2e7cc90,
0x00000226fbbe3a80, 0x00000226fbe07c70, 0x00000226fbf36870, 0x00000226fcd31820,
0x00000226fcc7b190, 0x00000226fbda0ce0, 0x00000226fbcb6220, 0x00000226fd7322c0,
0x00000226fd805d80, 0x00000226fd102630, 0x00000226fd217e80, 0x00000226fd218ba0,
0x00000226ff5a0190, 0x00000226ff59f470, 0x00000226ff59d3a0, 0x00000226ff59da30,
0x00000226ff59cd10, 0x00000226ff5a1540, 0x00000226ff5a0820, 0x00000226ff59fb00,
0x00000226ff5a0eb0, 0x00000226ff59e0c0, 0x00000226ff5a1bd0, 0x00000226ff59e750,
0x00000226ff5a4330, 0x00000226ff5a2260, 0x00000226ff5a2f80, 0x00000226ff5a28f0,
0x00000226ff5a3610, 0x00000226fec39730, 0x00000226fec3b170, 0x00000226fec3b800,
0x0000022684a473c0, 0x0000022684a4aed0, 0x0000022684a47a50, 0x0000022684a4b560,
0x0000022684a4a1b0, 0x0000022684a480e0, 0x0000022684a4bbf0, 0x0000022684a4e9e0,
0x0000022684c4ea80, 0x0000022684c4f7a0, 0x0000022684c51f00, 0x0000022684c51870,
0x0000022684c532b0, 0x0000022684c504c0, 0x000002268654d830, 0x000002268654a3b0,
0x000002268654aa40, 0x000002268654c480, 0x0000022684c4d040
}

Java Threads: ( => current thread )
  0x00000226a091b970 JavaThread "main"                              [_thread_blocked, id=27636, stack(0x00000051d7900000,0x00000051d7a00000) (1024K)]
  0x00000226a2e67370 JavaThread "Reference Handler"          daemon [_thread_blocked, id=22440, stack(0x00000051d7d00000,0x00000051d7e00000) (1024K)]
  0x00000226a2e69240 JavaThread "Finalizer"                  daemon [_thread_blocked, id=25264, stack(0x00000051d7e00000,0x00000051d7f00000) (1024K)]
  0x00000226a2e6e5b0 JavaThread "Signal Dispatcher"          daemon [_thread_blocked, id=4564, stack(0x00000051d7f00000,0x00000051d8000000) (1024K)]
=>0x00000226a2e6f370 JavaThread "Attach Listener"            daemon [_thread_in_vm, id=15748, stack(0x00000051d8000000,0x00000051d8100000) (1024K)]
  0x00000226a2e720f0 JavaThread "Service Thread"             daemon [_thread_blocked, id=24388, stack(0x00000051d8100000,0x00000051d8200000) (1024K)]
  0x00000226a2e76480 JavaThread "Monitor Deflation Thread"   daemon [_thread_blocked, id=15168, stack(0x00000051d8200000,0x00000051d8300000) (1024K)]
  0x00000226a2e7cc90 JavaThread "C2 CompilerThread0"         daemon [_thread_blocked, id=23764, stack(0x00000051d8300000,0x00000051d8400000) (1024K)]
  0x00000226fbbe3a80 JavaThread "C1 CompilerThread0"         daemon [_thread_blocked, id=28236, stack(0x00000051d8400000,0x00000051d8500000) (1024K)]
  0x00000226fbe07c70 JavaThread "Common-Cleaner"             daemon [_thread_blocked, id=17748, stack(0x00000051d8500000,0x00000051d8600000) (1024K)]
  0x00000226fbf36870 JavaThread "Notification Thread"        daemon [_thread_blocked, id=24176, stack(0x00000051d8600000,0x00000051d8700000) (1024K)]
  0x00000226fcd31820 JavaThread "Active Thread: Equinox Container: 4e074414-a643-422f-a0a9-0b2da50e201d"        [_thread_blocked, id=23104, stack(0x00000051d8d00000,0x00000051d8e00000) (1024K)]
  0x00000226fcc7b190 JavaThread "Refresh Thread: Equinox Container: 4e074414-a643-422f-a0a9-0b2da50e201d" daemon [_thread_blocked, id=25064, stack(0x00000051d8e00000,0x00000051d8f00000) (1024K)]
  0x00000226fbda0ce0 JavaThread "Framework Event Dispatcher: Equinox Container: 4e074414-a643-422f-a0a9-0b2da50e201d" daemon [_thread_blocked, id=26780, stack(0x00000051d9000000,0x00000051d9100000) (1024K)]
  0x00000226fbcb6220 JavaThread "Start Level: Equinox Container: 4e074414-a643-422f-a0a9-0b2da50e201d" daemon [_thread_blocked, id=25888, stack(0x00000051d9100000,0x00000051d9200000) (1024K)]
  0x00000226fd7322c0 JavaThread "Bundle File Closer"         daemon [_thread_blocked, id=1828, stack(0x00000051d9400000,0x00000051d9500000) (1024K)]
  0x00000226fd805d80 JavaThread "SCR Component Actor"        daemon [_thread_blocked, id=21392, stack(0x00000051d9500000,0x00000051d9600000) (1024K)]
  0x00000226fd102630 JavaThread "Worker-JM"                         [_thread_blocked, id=27572, stack(0x00000051d9600000,0x00000051d9700000) (1024K)]
  0x00000226fd217e80 JavaThread "JNA Cleaner"                daemon [_thread_blocked, id=10224, stack(0x00000051d9700000,0x00000051d9800000) (1024K)]
  0x00000226fd218ba0 JavaThread "Java indexing"              daemon [_thread_blocked, id=23508, stack(0x00000051d9d00000,0x00000051d9e00000) (1024K)]
  0x00000226ff5a0190 JavaThread "Worker-5"                          [_thread_blocked, id=24284, stack(0x00000051da000000,0x00000051da100000) (1024K)]
  0x00000226ff59f470 JavaThread "Thread-1"                   daemon [_thread_in_native, id=26268, stack(0x00000051da200000,0x00000051da300000) (1024K)]
  0x00000226ff59d3a0 JavaThread "Thread-2"                   daemon [_thread_in_native, id=13756, stack(0x00000051da300000,0x00000051da400000) (1024K)]
  0x00000226ff59da30 JavaThread "Thread-3"                   daemon [_thread_in_native, id=28048, stack(0x00000051da400000,0x00000051da500000) (1024K)]
  0x00000226ff59cd10 JavaThread "Thread-4"                   daemon [_thread_in_native, id=21884, stack(0x00000051da500000,0x00000051da600000) (1024K)]
  0x00000226ff5a1540 JavaThread "Thread-5"                   daemon [_thread_in_native, id=18692, stack(0x00000051da600000,0x00000051da700000) (1024K)]
  0x00000226ff5a0820 JavaThread "Thread-6"                   daemon [_thread_in_native, id=24020, stack(0x00000051da700000,0x00000051da800000) (1024K)]
  0x00000226ff59fb00 JavaThread "Thread-7"                   daemon [_thread_in_native, id=8036, stack(0x00000051da800000,0x00000051da900000) (1024K)]
  0x00000226ff5a0eb0 JavaThread "Thread-8"                   daemon [_thread_in_native, id=12712, stack(0x00000051da900000,0x00000051daa00000) (1024K)]
  0x00000226ff59e0c0 JavaThread "Thread-9"                   daemon [_thread_in_native, id=16724, stack(0x00000051daa00000,0x00000051dab00000) (1024K)]
  0x00000226ff5a1bd0 JavaThread "Thread-10"                  daemon [_thread_in_native, id=24452, stack(0x00000051dab00000,0x00000051dac00000) (1024K)]
  0x00000226ff59e750 JavaThread "Thread-11"                  daemon [_thread_in_native, id=21300, stack(0x00000051dac00000,0x00000051dad00000) (1024K)]
  0x00000226ff5a4330 JavaThread "Thread-12"                  daemon [_thread_in_native, id=3108, stack(0x00000051dad00000,0x00000051dae00000) (1024K)]
  0x00000226ff5a2260 JavaThread "Thread-13"                  daemon [_thread_in_native, id=5868, stack(0x00000051dae00000,0x00000051daf00000) (1024K)]
  0x00000226ff5a2f80 JavaThread "pool-2-thread-1"                   [_thread_blocked, id=10172, stack(0x00000051daf00000,0x00000051db000000) (1024K)]
  0x00000226ff5a28f0 JavaThread "WorkspaceEventsHandler"            [_thread_blocked, id=14596, stack(0x00000051db000000,0x00000051db100000) (1024K)]
  0x00000226ff5a3610 JavaThread "pool-1-thread-1"                   [_thread_blocked, id=1916, stack(0x00000051db100000,0x00000051db200000) (1024K)]
  0x00000226fec39730 JavaThread "Timer-0"                           [_thread_blocked, id=16444, stack(0x00000051db300000,0x00000051db400000) (1024K)]
  0x00000226fec3b170 JavaThread "Timer-1"                           [_thread_blocked, id=23168, stack(0x00000051db700000,0x00000051db800000) (1024K)]
  0x00000226fec3b800 JavaThread "Timer-2"                           [_thread_blocked, id=8496, stack(0x00000051dba00000,0x00000051dbb00000) (1024K)]
  0x0000022684a473c0 JavaThread "Timer-3"                           [_thread_blocked, id=14508, stack(0x00000051db800000,0x00000051db900000) (1024K)]
  0x0000022684a4aed0 JavaThread "Timer-4"                           [_thread_blocked, id=22396, stack(0x00000051dbb00000,0x00000051dbc00000) (1024K)]
  0x0000022684a47a50 JavaThread "Timer-5"                           [_thread_blocked, id=4780, stack(0x00000051dbe00000,0x00000051dbf00000) (1024K)]
  0x0000022684a4b560 JavaThread "Timer-6"                           [_thread_blocked, id=12684, stack(0x00000051dbf00000,0x00000051dc000000) (1024K)]
  0x0000022684a4a1b0 JavaThread "Timer-7"                           [_thread_blocked, id=15084, stack(0x00000051dc000000,0x00000051dc100000) (1024K)]
  0x0000022684a480e0 JavaThread "Timer-8"                           [_thread_blocked, id=29352, stack(0x00000051d7800000,0x00000051d7900000) (1024K)]
  0x0000022684a4bbf0 JavaThread "Timer-9"                           [_thread_blocked, id=5044, stack(0x00000051d9800000,0x00000051d9900000) (1024K)]
  0x0000022684a4e9e0 JavaThread "Timer-10"                          [_thread_blocked, id=17164, stack(0x00000051d9e00000,0x00000051d9f00000) (1024K)]
  0x0000022684c4ea80 JavaThread "Timer-11"                          [_thread_blocked, id=28020, stack(0x00000051d7600000,0x00000051d7700000) (1024K)]
  0x0000022684c4f7a0 JavaThread "Timer-12"                          [_thread_blocked, id=23144, stack(0x00000051dc500000,0x00000051dc600000) (1024K)]
  0x0000022684c51f00 JavaThread "PatternSearchJob-worker-4"  daemon [_thread_blocked, id=5340, stack(0x00000051dcb00000,0x00000051dcc00000) (1024K)]
  0x0000022684c51870 JavaThread "PatternSearchJob-worker-6"  daemon [_thread_blocked, id=28708, stack(0x00000051dcd00000,0x00000051dce00000) (1024K)]
  0x0000022684c532b0 JavaThread "PatternSearchJob-worker-8"  daemon [_thread_blocked, id=14700, stack(0x00000051dcf00000,0x00000051dd000000) (1024K)]
  0x0000022684c504c0 JavaThread "PatternSearchJob-worker-9"  daemon [_thread_blocked, id=27384, stack(0x00000051dd000000,0x00000051dd100000) (1024K)]
  0x000002268654d830 JavaThread "PatternSearchJob-worker-10" daemon [_thread_blocked, id=24064, stack(0x00000051dd100000,0x00000051dd200000) (1024K)]
  0x000002268654a3b0 JavaThread "PatternSearchJob-worker-11" daemon [_thread_blocked, id=15232, stack(0x00000051dd200000,0x00000051dd300000) (1024K)]
  0x000002268654aa40 JavaThread "Timer-13"                          [_thread_blocked, id=28688, stack(0x00000051dc600000,0x00000051dc700000) (1024K)]
  0x000002268654c480 JavaThread "Timer-14"                          [_thread_blocked, id=25312, stack(0x00000051d9900000,0x00000051d9a00000) (1024K)]
  0x0000022684c4d040 JavaThread "Worker-14"                         [_thread_blocked, id=4884, stack(0x00000051d7700000,0x00000051d7800000) (1024K)]
Total: 59

Other Threads:
  0x00000226a2d54560 VMThread "VM Thread"                           [id=11252, stack(0x00000051d7c00000,0x00000051d7d00000) (1024K)]
  0x00000226a2c4ba00 WatcherThread "VM Periodic Task Thread"        [id=10400, stack(0x00000051d7b00000,0x00000051d7c00000) (1024K)]
  0x00000226a2ddf090 WorkerThread "GC Thread#0"                     [id=23288, stack(0x00000051d7a00000,0x00000051d7b00000) (1024K)]
  0x00000226fcbf0450 WorkerThread "GC Thread#1"                     [id=10380, stack(0x00000051d8700000,0x00000051d8800000) (1024K)]
  0x00000226fcbefcf0 WorkerThread "GC Thread#2"                     [id=2180, stack(0x00000051d8800000,0x00000051d8900000) (1024K)]
  0x00000226fcbeee30 WorkerThread "GC Thread#3"                     [id=25192, stack(0x00000051d8900000,0x00000051d8a00000) (1024K)]
  0x00000226fcbef1e0 WorkerThread "GC Thread#4"                     [id=27516, stack(0x00000051d8a00000,0x00000051d8b00000) (1024K)]
  0x00000226fcbef590 WorkerThread "GC Thread#5"                     [id=5780, stack(0x00000051d8b00000,0x00000051d8c00000) (1024K)]
  0x00000226fcbef940 WorkerThread "GC Thread#6"                     [id=12528, stack(0x00000051d8c00000,0x00000051d8d00000) (1024K)]
  0x00000226fcbf00a0 WorkerThread "GC Thread#7"                     [id=24808, stack(0x00000051d8f00000,0x00000051d9000000) (1024K)]
  0x00000226fd31f680 WorkerThread "GC Thread#8"                     [id=3692, stack(0x00000051d9200000,0x00000051d9300000) (1024K)]
  0x00000226fd31d1a0 WorkerThread "GC Thread#9"                     [id=3324, stack(0x00000051d9300000,0x00000051d9400000) (1024K)]
Total: 12

Threads with active compile tasks:
Total: 0

VM state: not at safepoint (normal execution)

VM Mutex/Monitor currently owned by a thread: None

Heap address: 0x0000000080000000, size: 2048 MB, Compressed Oops mode: 32-bit

CDS archive(s) mapped at: [0x00000226ba000000-0x00000226baba0000-0x00000226baba0000), size 12189696, SharedBaseAddress: 0x00000226ba000000, ArchiveRelocationMode: 1.
Compressed class space mapped at: 0x00000226bb000000-0x00000226fb000000, reserved size: 1073741824
Narrow klass base: 0x00000226ba000000, Narrow klass shift: 0, Narrow klass range: 0x100000000

GC Precious Log:
 CardTable entry size: 512
 CPUs: 12 total, 12 available
 Memory: 7865M
 Large Page Support: Disabled
 NUMA Support: Disabled
 Compressed Oops: Enabled (32-bit)
 Alignments: Space 512K, Generation 512K, Heap 2M
 Heap Min Capacity: 100M
 Heap Initial Capacity: 100M
 Heap Max Capacity: 2G
 Pre-touch: Disabled
 Parallel Workers: 10

Heap:
 PSYoungGen      total 2048K, used 1882K [0x00000000d5580000, 0x00000000d5800000, 0x0000000100000000)
  eden space 1536K, 93% used [0x00000000d5580000,0x00000000d56e6ab8,0x00000000d5700000)
  from space 512K, 87% used [0x00000000d5780000,0x00000000d57f0000,0x00000000d5800000)
  to   space 512K, 0% used [0x00000000d5700000,0x00000000d5700000,0x00000000d5780000)
 ParOldGen       total 724480K, used 724420K [0x0000000080000000, 0x00000000ac380000, 0x00000000d5580000)
  object space 724480K, 99% used [0x0000000080000000,0x00000000ac3711e8,0x00000000ac380000)
 Metaspace       used 101023K, committed 103104K, reserved 1179648K
  class space    used 13108K, committed 14080K, reserved 1048576K

Card table byte_map: [0x00000226a2760000,0x00000226a2b70000] _byte_map_base: 0x00000226a2360000

Marking Bits: (ParMarkBitMap*) 0x00007ff967254460
 Begin Bits: [0x00000226b5270000, 0x00000226b7270000)
 End Bits:   [0x00000226b7270000, 0x00000226b9270000)

Polling page: 0x00000226a0bc0000

Metaspace:

Usage:
  Non-class:     85.85 MB used.
      Class:     12.80 MB used.
       Both:     98.66 MB used.

Virtual space:
  Non-class space:      128.00 MB reserved,      86.94 MB ( 68%) committed,  2 nodes.
      Class space:        1.00 GB reserved,      13.75 MB (  1%) committed,  1 nodes.
             Both:        1.12 GB reserved,     100.69 MB (  9%) committed. 

Chunk freelists:
   Non-Class:  8.94 MB
       Class:  2.29 MB
        Both:  11.23 MB

MaxMetaspaceSize: unlimited
CompressedClassSpaceSize: 1.00 GB
Initial GC threshold: 21.00 MB
Current GC threshold: 127.94 MB
CDS: on
 - commit_granule_bytes: 65536.
 - commit_granule_words: 8192.
 - virtual_space_node_default_size: 8388608.
 - enlarge_chunks_in_place: 1.
 - use_allocation_guard: 0.


Internal statistics:

num_allocs_failed_limit: 9.
num_arena_births: 2144.
num_arena_deaths: 26.
num_vsnodes_births: 3.
num_vsnodes_deaths: 0.
num_space_committed: 1611.
num_space_uncommitted: 0.
num_chunks_returned_to_freelist: 40.
num_chunks_taken_from_freelist: 6747.
num_chunk_merges: 10.
num_chunk_splits: 4264.
num_chunks_enlarged: 2558.
num_inconsistent_stats: 0.

CodeHeap 'non-profiled nmethods': size=120000Kb used=17265Kb max_used=17265Kb free=102735Kb
 bounds [0x00000226ada90000, 0x00000226aeb70000, 0x00000226b4fc0000]
CodeHeap 'profiled nmethods': size=120000Kb used=33953Kb max_used=33953Kb free=86046Kb
 bounds [0x00000226a5fc0000, 0x00000226a80f0000, 0x00000226ad4f0000]
CodeHeap 'non-nmethods': size=5760Kb used=1469Kb max_used=1532Kb free=4290Kb
 bounds [0x00000226ad4f0000, 0x00000226ad760000, 0x00000226ada90000]
CodeCache: size=245760Kb, used=52687Kb, max_used=52750Kb, free=193071Kb
 total_blobs=16293, nmethods=15511, adapters=688, full_count=0
Compilation: enabled, stopped_count=0, restarted_count=0

Compilation events (20 events):
Event: 2005.246 Thread 0x00000226fbbe3a80 17150       3       java.lang.StackTraceElement::toString (298 bytes)
Event: 2005.253 Thread 0x00000226fbbe3a80 nmethod 17150 0x00000226a80e1510 code [0x00000226a80e19c0, 0x00000226a80e38f8]
Event: 2005.253 Thread 0x00000226fbbe3a80 17155   !   3       java.io.PrintWriter::implNewLine (48 bytes)
Event: 2005.255 Thread 0x00000226fbbe3a80 nmethod 17155 0x00000226a80e4490 code [0x00000226a80e46c0, 0x00000226a80e4d00]
Event: 2005.255 Thread 0x00000226fbbe3a80 17153       3       java.lang.Throwable$WrappedPrintWriter::println (9 bytes)
Event: 2005.255 Thread 0x00000226fbbe3a80 nmethod 17153 0x00000226a80e5010 code [0x00000226a80e51c0, 0x00000226a80e5390]
Event: 2005.255 Thread 0x00000226fbbe3a80 17154   !   3       java.io.PrintWriter::println (87 bytes)
Event: 2005.258 Thread 0x00000226fbbe3a80 nmethod 17154 0x00000226a80e5490 code [0x00000226a80e5820, 0x00000226a80e7410]
Event: 2005.258 Thread 0x00000226fbbe3a80 17151       3       java.lang.StackTraceElement::dropClassLoaderName (16 bytes)
Event: 2005.258 Thread 0x00000226fbbe3a80 nmethod 17151 0x00000226a80e7d90 code [0x00000226a80e7f20, 0x00000226a80e8088]
Event: 2005.258 Thread 0x00000226fbbe3a80 17152       3       java.lang.StackTraceElement::isNativeMethod (15 bytes)
Event: 2005.259 Thread 0x00000226fbbe3a80 nmethod 17152 0x00000226a80e8110 code [0x00000226a80e82a0, 0x00000226a80e8400]
Event: 2005.265 Thread 0x00000226fbbe3a80 17156       1       java.text.NumberFormat::getMaximumIntegerDigits (5 bytes)
Event: 2005.266 Thread 0x00000226fbbe3a80 nmethod 17156 0x00000226aeb6b810 code [0x00000226aeb6b9a0, 0x00000226aeb6ba68]
Event: 2005.266 Thread 0x00000226fbbe3a80 17157       1       java.text.NumberFormat::getMinimumIntegerDigits (5 bytes)
Event: 2005.266 Thread 0x00000226fbbe3a80 nmethod 17157 0x00000226aeb6bb10 code [0x00000226aeb6bca0, 0x00000226aeb6bd68]
Event: 2005.266 Thread 0x00000226fbbe3a80 17158       1       java.text.NumberFormat::getMaximumFractionDigits (5 bytes)
Event: 2005.267 Thread 0x00000226fbbe3a80 nmethod 17158 0x00000226aeb6be10 code [0x00000226aeb6bfa0, 0x00000226aeb6c068]
Event: 2005.267 Thread 0x00000226fbbe3a80 17159       1       java.text.NumberFormat::getMinimumFractionDigits (5 bytes)
Event: 2005.267 Thread 0x00000226fbbe3a80 nmethod 17159 0x00000226aeb6c110 code [0x00000226aeb6c2a0, 0x00000226aeb6c368]

GC Heap History (20 events):
Event: 1967.055 GC heap before
{Heap before GC invocations=4976 (full 4):
 PSYoungGen      total 2048K, used 1759K [0x00000000d5580000, 0x00000000d5800000, 0x0000000100000000)
  eden space 1536K, 99% used [0x00000000d5580000,0x00000000d56fff90,0x00000000d5700000)
  from space 512K, 43% used [0x00000000d5780000,0x00000000d57b8000,0x00000000d5800000)
  to   space 512K, 0% used [0x00000000d5700000,0x00000000d5700000,0x00000000d5780000)
 ParOldGen       total 722432K, used 722120K [0x0000000080000000, 0x00000000ac180000, 0x00000000d5580000)
  object space 722432K, 99% used [0x0000000080000000,0x00000000ac1321f0,0x00000000ac180000)
 Metaspace       used 100926K, committed 103040K, reserved 1179648K
  class space    used 13094K, committed 14080K, reserved 1048576K
}
Event: 1967.058 GC heap after
{Heap after GC invocations=4976 (full 4):
 PSYoungGen      total 2048K, used 192K [0x00000000d5580000, 0x00000000d5800000, 0x0000000100000000)
  eden space 1536K, 0% used [0x00000000d5580000,0x00000000d5580000,0x00000000d5700000)
  from space 512K, 37% used [0x00000000d5700000,0x00000000d5730000,0x00000000d5780000)
  to   space 512K, 0% used [0x00000000d5780000,0x00000000d5780000,0x00000000d5800000)
 ParOldGen       total 722432K, used 722152K [0x0000000080000000, 0x00000000ac180000, 0x00000000d5580000)
  object space 722432K, 99% used [0x0000000080000000,0x00000000ac13a1f0,0x00000000ac180000)
 Metaspace       used 100926K, committed 103040K, reserved 1179648K
  class space    used 13094K, committed 14080K, reserved 1048576K
}
Event: 1968.118 GC heap before
{Heap before GC invocations=4977 (full 4):
 PSYoungGen      total 2048K, used 1727K [0x00000000d5580000, 0x00000000d5800000, 0x0000000100000000)
  eden space 1536K, 99% used [0x00000000d5580000,0x00000000d56ffec8,0x00000000d5700000)
  from space 512K, 37% used [0x00000000d5700000,0x00000000d5730000,0x00000000d5780000)
  to   space 512K, 0% used [0x00000000d5780000,0x00000000d5780000,0x00000000d5800000)
 ParOldGen       total 722432K, used 722152K [0x0000000080000000, 0x00000000ac180000, 0x00000000d5580000)
  object space 722432K, 99% used [0x0000000080000000,0x00000000ac13a1f0,0x00000000ac180000)
 Metaspace       used 100929K, committed 103040K, reserved 1179648K
  class space    used 13094K, committed 14080K, reserved 1048576K
}
Event: 1968.120 GC heap after
{Heap after GC invocations=4977 (full 4):
 PSYoungGen      total 2048K, used 224K [0x00000000d5580000, 0x00000000d5800000, 0x0000000100000000)
  eden space 1536K, 0% used [0x00000000d5580000,0x00000000d5580000,0x00000000d5700000)
  from space 512K, 43% used [0x00000000d5780000,0x00000000d57b8000,0x00000000d5800000)
  to   space 512K, 0% used [0x00000000d5700000,0x00000000d5700000,0x00000000d5780000)
 ParOldGen       total 722432K, used 722216K [0x0000000080000000, 0x00000000ac180000, 0x00000000d5580000)
  object space 722432K, 99% used [0x0000000080000000,0x00000000ac14a1f0,0x00000000ac180000)
 Metaspace       used 100929K, committed 103040K, reserved 1179648K
  class space    used 13094K, committed 14080K, reserved 1048576K
}
Event: 1969.978 GC heap before
{Heap before GC invocations=4978 (full 4):
 PSYoungGen      total 2048K, used 1760K [0x00000000d5580000, 0x00000000d5800000, 0x0000000100000000)
  eden space 1536K, 100% used [0x00000000d5580000,0x00000000d5700000,0x00000000d5700000)
  from space 512K, 43% used [0x00000000d5780000,0x00000000d57b8000,0x00000000d5800000)
  to   space 512K, 0% used [0x00000000d5700000,0x00000000d5700000,0x00000000d5780000)
 ParOldGen       total 722432K, used 722216K [0x0000000080000000, 0x00000000ac180000, 0x00000000d5580000)
  object space 722432K, 99% used [0x0000000080000000,0x00000000ac14a1f0,0x00000000ac180000)
 Metaspace       used 100936K, committed 103040K, reserved 1179648K
  class space    used 13094K, committed 14080K, reserved 1048576K
}
Event: 1969.981 GC heap after
{Heap after GC invocations=4978 (full 4):
 PSYoungGen      total 2048K, used 128K [0x00000000d5580000, 0x00000000d5800000, 0x0000000100000000)
  eden space 1536K, 0% used [0x00000000d5580000,0x00000000d5580000,0x00000000d5700000)
  from space 512K, 25% used [0x00000000d5700000,0x00000000d5720000,0x00000000d5780000)
  to   space 512K, 0% used [0x00000000d5780000,0x00000000d5780000,0x00000000d5800000)
 ParOldGen       total 722432K, used 722320K [0x0000000080000000, 0x00000000ac180000, 0x00000000d5580000)
  object space 722432K, 99% used [0x0000000080000000,0x00000000ac1641f0,0x00000000ac180000)
 Metaspace       used 100936K, committed 103040K, reserved 1179648K
  class space    used 13094K, committed 14080K, reserved 1048576K
}
Event: 1970.230 GC heap before
{Heap before GC invocations=4979 (full 4):
 PSYoungGen      total 2048K, used 1664K [0x00000000d5580000, 0x00000000d5800000, 0x0000000100000000)
  eden space 1536K, 100% used [0x00000000d5580000,0x00000000d5700000,0x00000000d5700000)
  from space 512K, 25% used [0x00000000d5700000,0x00000000d5720000,0x00000000d5780000)
  to   space 512K, 0% used [0x00000000d5780000,0x00000000d5780000,0x00000000d5800000)
 ParOldGen       total 722432K, used 722320K [0x0000000080000000, 0x00000000ac180000, 0x00000000d5580000)
  object space 722432K, 99% used [0x0000000080000000,0x00000000ac1641f0,0x00000000ac180000)
 Metaspace       used 100942K, committed 103040K, reserved 1179648K
  class space    used 13094K, committed 14080K, reserved 1048576K
}
Event: 1970.231 GC heap after
{Heap after GC invocations=4979 (full 4):
 PSYoungGen      total 2048K, used 256K [0x00000000d5580000, 0x00000000d5800000, 0x0000000100000000)
  eden space 1536K, 0% used [0x00000000d5580000,0x00000000d5580000,0x00000000d5700000)
  from space 512K, 50% used [0x00000000d5780000,0x00000000d57c0000,0x00000000d5800000)
  to   space 512K, 0% used [0x00000000d5700000,0x00000000d5700000,0x00000000d5780000)
 ParOldGen       total 722432K, used 722336K [0x0000000080000000, 0x00000000ac180000, 0x00000000d5580000)
  object space 722432K, 99% used [0x0000000080000000,0x00000000ac1681f0,0x00000000ac180000)
 Metaspace       used 100942K, committed 103040K, reserved 1179648K
  class space    used 13094K, committed 14080K, reserved 1048576K
}
Event: 1970.276 GC heap before
{Heap before GC invocations=4980 (full 4):
 PSYoungGen      total 2048K, used 1792K [0x00000000d5580000, 0x00000000d5800000, 0x0000000100000000)
  eden space 1536K, 100% used [0x00000000d5580000,0x00000000d5700000,0x00000000d5700000)
  from space 512K, 50% used [0x00000000d5780000,0x00000000d57c0000,0x00000000d5800000)
  to   space 512K, 0% used [0x00000000d5700000,0x00000000d5700000,0x00000000d5780000)
 ParOldGen       total 722432K, used 722336K [0x0000000080000000, 0x00000000ac180000, 0x00000000d5580000)
  object space 722432K, 99% used [0x0000000080000000,0x00000000ac1681f0,0x00000000ac180000)
 Metaspace       used 100942K, committed 103040K, reserved 1179648K
  class space    used 13094K, committed 14080K, reserved 1048576K
}
Event: 1970.278 GC heap after
{Heap after GC invocations=4980 (full 4):
 PSYoungGen      total 2048K, used 128K [0x00000000d5580000, 0x00000000d5800000, 0x0000000100000000)
  eden space 1536K, 0% used [0x00000000d5580000,0x00000000d5580000,0x00000000d5700000)
  from space 512K, 25% used [0x00000000d5700000,0x00000000d5720000,0x00000000d5780000)
  to   space 512K, 0% used [0x00000000d5780000,0x00000000d5780000,0x00000000d5800000)
 ParOldGen       total 722944K, used 722448K [0x0000000080000000, 0x00000000ac200000, 0x00000000d5580000)
  object space 722944K, 99% used [0x0000000080000000,0x00000000ac1841f0,0x00000000ac200000)
 Metaspace       used 100942K, committed 103040K, reserved 1179648K
  class space    used 13094K, committed 14080K, reserved 1048576K
}
Event: 1990.045 GC heap before
{Heap before GC invocations=4981 (full 4):
 PSYoungGen      total 2048K, used 1664K [0x00000000d5580000, 0x00000000d5800000, 0x0000000100000000)
  eden space 1536K, 100% used [0x00000000d5580000,0x00000000d5700000,0x00000000d5700000)
  from space 512K, 25% used [0x00000000d5700000,0x00000000d5720000,0x00000000d5780000)
  to   space 512K, 0% used [0x00000000d5780000,0x00000000d5780000,0x00000000d5800000)
 ParOldGen       total 722944K, used 722448K [0x0000000080000000, 0x00000000ac200000, 0x00000000d5580000)
  object space 722944K, 99% used [0x0000000080000000,0x00000000ac1841f0,0x00000000ac200000)
 Metaspace       used 100942K, committed 103040K, reserved 1179648K
  class space    used 13094K, committed 14080K, reserved 1048576K
}
Event: 1990.062 GC heap after
{Heap after GC invocations=4981 (full 4):
 PSYoungGen      total 2048K, used 352K [0x00000000d5580000, 0x00000000d5800000, 0x0000000100000000)
  eden space 1536K, 0% used [0x00000000d5580000,0x00000000d5580000,0x00000000d5700000)
  from space 512K, 68% used [0x00000000d5780000,0x00000000d57d8000,0x00000000d5800000)
  to   space 512K, 0% used [0x00000000d5700000,0x00000000d5700000,0x00000000d5780000)
 ParOldGen       total 722944K, used 722496K [0x0000000080000000, 0x00000000ac200000, 0x00000000d5580000)
  object space 722944K, 99% used [0x0000000080000000,0x00000000ac1901f0,0x00000000ac200000)
 Metaspace       used 100942K, committed 103040K, reserved 1179648K
  class space    used 13094K, committed 14080K, reserved 1048576K
}
Event: 1990.593 GC heap before
{Heap before GC invocations=4982 (full 4):
 PSYoungGen      total 2048K, used 1888K [0x00000000d5580000, 0x00000000d5800000, 0x0000000100000000)
  eden space 1536K, 100% used [0x00000000d5580000,0x00000000d5700000,0x00000000d5700000)
  from space 512K, 68% used [0x00000000d5780000,0x00000000d57d8000,0x00000000d5800000)
  to   space 512K, 0% used [0x00000000d5700000,0x00000000d5700000,0x00000000d5780000)
 ParOldGen       total 722944K, used 722496K [0x0000000080000000, 0x00000000ac200000, 0x00000000d5580000)
  object space 722944K, 99% used [0x0000000080000000,0x00000000ac1901f0,0x00000000ac200000)
 Metaspace       used 100948K, committed 103040K, reserved 1179648K
  class space    used 13094K, committed 14080K, reserved 1048576K
}
Event: 1990.599 GC heap after
{Heap after GC invocations=4982 (full 4):
 PSYoungGen      total 2048K, used 256K [0x00000000d5580000, 0x00000000d5800000, 0x0000000100000000)
  eden space 1536K, 0% used [0x00000000d5580000,0x00000000d5580000,0x00000000d5700000)
  from space 512K, 50% used [0x00000000d5700000,0x00000000d5740000,0x00000000d5780000)
  to   space 512K, 0% used [0x00000000d5780000,0x00000000d5780000,0x00000000d5800000)
 ParOldGen       total 722944K, used 722608K [0x0000000080000000, 0x00000000ac200000, 0x00000000d5580000)
  object space 722944K, 99% used [0x0000000080000000,0x00000000ac1ac210,0x00000000ac200000)
 Metaspace       used 100948K, committed 103040K, reserved 1179648K
  class space    used 13094K, committed 14080K, reserved 1048576K
}
Event: 2004.907 GC heap before
{Heap before GC invocations=4983 (full 4):
 PSYoungGen      total 2048K, used 1792K [0x00000000d5580000, 0x00000000d5800000, 0x0000000100000000)
  eden space 1536K, 100% used [0x00000000d5580000,0x00000000d5700000,0x00000000d5700000)
  from space 512K, 50% used [0x00000000d5700000,0x00000000d5740000,0x00000000d5780000)
  to   space 512K, 0% used [0x00000000d5780000,0x00000000d5780000,0x00000000d5800000)
 ParOldGen       total 722944K, used 722608K [0x0000000080000000, 0x00000000ac200000, 0x00000000d5580000)
  object space 722944K, 99% used [0x0000000080000000,0x00000000ac1ac210,0x00000000ac200000)
 Metaspace       used 100948K, committed 103040K, reserved 1179648K
  class space    used 13094K, committed 14080K, reserved 1048576K
}
Event: 2004.911 GC heap after
{Heap after GC invocations=4983 (full 4):
 PSYoungGen      total 2048K, used 400K [0x00000000d5580000, 0x00000000d5800000, 0x0000000100000000)
  eden space 1536K, 0% used [0x00000000d5580000,0x00000000d5580000,0x00000000d5700000)
  from space 512K, 78% used [0x00000000d5780000,0x00000000d57e4010,0x00000000d5800000)
  to   space 512K, 0% used [0x00000000d5700000,0x00000000d5700000,0x00000000d5780000)
 ParOldGen       total 722944K, used 722664K [0x0000000080000000, 0x00000000ac200000, 0x00000000d5580000)
  object space 722944K, 99% used [0x0000000080000000,0x00000000ac1ba210,0x00000000ac200000)
 Metaspace       used 100948K, committed 103040K, reserved 1179648K
  class space    used 13094K, committed 14080K, reserved 1048576K
}
Event: 2005.022 GC heap before
{Heap before GC invocations=4984 (full 4):
 PSYoungGen      total 2048K, used 1936K [0x00000000d5580000, 0x00000000d5800000, 0x0000000100000000)
  eden space 1536K, 100% used [0x00000000d5580000,0x00000000d5700000,0x00000000d5700000)
  from space 512K, 78% used [0x00000000d5780000,0x00000000d57e4010,0x00000000d5800000)
  to   space 512K, 0% used [0x00000000d5700000,0x00000000d5700000,0x00000000d5780000)
 ParOldGen       total 724480K, used 723802K [0x0000000080000000, 0x00000000ac380000, 0x00000000d5580000)
  object space 724480K, 99% used [0x0000000080000000,0x00000000ac2d69a0,0x00000000ac380000)
 Metaspace       used 100955K, committed 103104K, reserved 1179648K
  class space    used 13095K, committed 14080K, reserved 1048576K
}
Event: 2005.028 GC heap after
{Heap after GC invocations=4984 (full 4):
 PSYoungGen      total 2048K, used 479K [0x00000000d5580000, 0x00000000d5800000, 0x0000000100000000)
  eden space 1536K, 0% used [0x00000000d5580000,0x00000000d5580000,0x00000000d5700000)
  from space 512K, 93% used [0x00000000d5700000,0x00000000d5777c40,0x00000000d5780000)
  to   space 512K, 0% used [0x00000000d5780000,0x00000000d5780000,0x00000000d5800000)
 ParOldGen       total 724480K, used 724076K [0x0000000080000000, 0x00000000ac380000, 0x00000000d5580000)
  object space 724480K, 99% used [0x0000000080000000,0x00000000ac31b100,0x00000000ac380000)
 Metaspace       used 100955K, committed 103104K, reserved 1179648K
  class space    used 13095K, committed 14080K, reserved 1048576K
}
Event: 2005.153 GC heap before
{Heap before GC invocations=4985 (full 4):
 PSYoungGen      total 2048K, used 2015K [0x00000000d5580000, 0x00000000d5800000, 0x0000000100000000)
  eden space 1536K, 100% used [0x00000000d5580000,0x00000000d5700000,0x00000000d5700000)
  from space 512K, 93% used [0x00000000d5700000,0x00000000d5777c40,0x00000000d5780000)
  to   space 512K, 0% used [0x00000000d5780000,0x00000000d5780000,0x00000000d5800000)
 ParOldGen       total 724480K, used 724076K [0x0000000080000000, 0x00000000ac380000, 0x00000000d5580000)
  object space 724480K, 99% used [0x0000000080000000,0x00000000ac31b100,0x00000000ac380000)
 Metaspace       used 100997K, committed 103104K, reserved 1179648K
  class space    used 13104K, committed 14080K, reserved 1048576K
}
Event: 2005.157 GC heap after
{Heap after GC invocations=4985 (full 4):
 PSYoungGen      total 2048K, used 448K [0x00000000d5580000, 0x00000000d5800000, 0x0000000100000000)
  eden space 1536K, 0% used [0x00000000d5580000,0x00000000d5580000,0x00000000d5700000)
  from space 512K, 87% used [0x00000000d5780000,0x00000000d57f0000,0x00000000d5800000)
  to   space 512K, 0% used [0x00000000d5700000,0x00000000d5700000,0x00000000d5780000)
 ParOldGen       total 724480K, used 724420K [0x0000000080000000, 0x00000000ac380000, 0x00000000d5580000)
  object space 724480K, 99% used [0x0000000080000000,0x00000000ac3711e8,0x00000000ac380000)
 Metaspace       used 100997K, committed 103104K, reserved 1179648K
  class space    used 13104K, committed 14080K, reserved 1048576K
}

Dll operation events (18 events):
Event: 0.023 Loaded shared library c:\Users\obami\.antigravity-ide\extensions\redhat.java-1.55.0-win32-x64\jre\21.0.11-win32-x86_64\bin\java.dll
Event: 0.153 Loaded shared library c:\Users\obami\.antigravity-ide\extensions\redhat.java-1.55.0-win32-x64\jre\21.0.11-win32-x86_64\bin\zip.dll
Event: 0.194 Loaded shared library C:\Users\obami\.antigravity-ide\extensions\redhat.java-1.55.0-win32-x64\jre\21.0.11-win32-x86_64\bin\instrument.dll
Event: 0.205 Loaded shared library C:\Users\obami\.antigravity-ide\extensions\redhat.java-1.55.0-win32-x64\jre\21.0.11-win32-x86_64\bin\net.dll
Event: 0.210 Loaded shared library C:\Users\obami\.antigravity-ide\extensions\redhat.java-1.55.0-win32-x64\jre\21.0.11-win32-x86_64\bin\nio.dll
Event: 0.216 Loaded shared library C:\Users\obami\.antigravity-ide\extensions\redhat.java-1.55.0-win32-x64\jre\21.0.11-win32-x86_64\bin\zip.dll
Event: 0.250 Loaded shared library C:\Users\obami\.antigravity-ide\extensions\redhat.java-1.55.0-win32-x64\jre\21.0.11-win32-x86_64\bin\jimage.dll
Event: 0.407 Loaded shared library c:\Users\obami\.antigravity-ide\extensions\redhat.java-1.55.0-win32-x64\jre\21.0.11-win32-x86_64\bin\verify.dll
Event: 16.398 Loaded shared library C:\Users\obami\AppData\Roaming\Antigravity IDE\User\globalStorage\redhat.java\1.55.0\config_win\org.eclipse.equinox.launcher\org.eclipse.equinox.launcher.win32.win32.x86_64_1.3.100.v20260613-0559\eclipse_11924.dll
Event: 31.109 Loaded shared library C:\Users\obami\AppData\Local\Temp\jna-105527050\jna1713096940342406052.dll
Event: 36.709 Loaded shared library C:\Users\obami\.antigravity-ide\extensions\redhat.java-1.55.0-win32-x64\jre\21.0.11-win32-x86_64\bin\sunmscapi.dll
Event: 37.614 Loaded shared library C:\Users\obami\.antigravity-ide\extensions\redhat.java-1.55.0-win32-x64\jre\21.0.11-win32-x86_64\bin\extnet.dll
Event: 38.866 Loaded shared library C:\Users\obami\.gradle\native\1def1411415f61bf3af743bc5b6707747c0891f09f0c88961ee8f79bc544acac\windows-amd64\native-platform.dll
Event: 52.479 Loaded shared library C:\Users\obami\.antigravity-ide\extensions\redhat.java-1.55.0-win32-x64\jre\21.0.11-win32-x86_64\bin\management.dll
Event: 52.556 Loaded shared library C:\Users\obami\.antigravity-ide\extensions\redhat.java-1.55.0-win32-x64\jre\21.0.11-win32-x86_64\bin\management_ext.dll
Event: 858.820 Loaded shared library C:\Users\obami\.gradle\native\c067742578af261105cb4f569cf0c3c89f3d7b1fecec35dd04571415982c5e48\windows-amd64\native-platform.dll
Event: 1364.821 Loaded shared library C:\Users\obami\.gradle\native\68d5fa5c4cc2d200863cafc0d521ce42e7d3e7ee720ec0a83991735586a16f82\windows-amd64\native-platform.dll
Event: 1865.698 Loaded shared library C:\Users\obami\.gradle\native\e1d6ef7f7dcc3fd88c89a11ec53ec762bb8ba0a96d01ffa2cd45eb1d1d8dd5c5\windows-amd64\native-platform.dll

Deoptimization events (20 events):
Event: 2004.896 Thread 0x0000022684c4d6d0 Uncommon trap: trap_request=0xffffff45 fr.pc=0x00000226ae0f9db0 relative=0x0000000000000090
Event: 2004.897 Thread 0x0000022684c4d6d0 Uncommon trap: reason=unstable_if action=reinterpret pc=0x00000226ae0f9db0 method=org.gradle.internal.serialize.ExceptionReplacingObjectInputStream.doResolveObject(Ljava/lang/Object;)Ljava/lang/Object; @ 4 c2
Event: 2004.897 Thread 0x0000022684c4d6d0 DEOPT PACKING pc=0x00000226ae0f9db0 sp=0x00000051d9afeb10
Event: 2004.897 Thread 0x0000022684c4d6d0 DEOPT UNPACKING pc=0x00000226ad543aa2 sp=0x00000051d9afea30 mode 2
Event: 2005.247 Thread 0x00000226ff5a0190 Uncommon trap: trap_request=0xffffff45 fr.pc=0x00000226ae2433b4 relative=0x0000000000000094
Event: 2005.248 Thread 0x00000226ff5a0190 Uncommon trap: reason=unstable_if action=reinterpret pc=0x00000226ae2433b4 method=java.io.BufferedWriter.growIfNeeded(I)V @ 21 c2
Event: 2005.248 Thread 0x00000226ff5a0190 DEOPT PACKING pc=0x00000226ae2433b4 sp=0x00000051da0fe7d0
Event: 2005.249 Thread 0x00000226ff5a0190 DEOPT UNPACKING pc=0x00000226ad543aa2 sp=0x00000051da0fe748 mode 2
Event: 2005.249 Thread 0x00000226ff5a0190 Uncommon trap: trap_request=0xffffff45 fr.pc=0x00000226ae2a3534 relative=0x00000000000008b4
Event: 2005.250 Thread 0x00000226ff5a0190 Uncommon trap: reason=unstable_if action=reinterpret pc=0x00000226ae2a3534 method=sun.nio.cs.StreamEncoder.growByteBufferIfNeeded(I)V @ 13 c2
Event: 2005.251 Thread 0x00000226ff5a0190 DEOPT PACKING pc=0x00000226ae2a3534 sp=0x00000051da0fe5e0
Event: 2005.251 Thread 0x00000226ff5a0190 DEOPT UNPACKING pc=0x00000226ad543aa2 sp=0x00000051da0fe540 mode 2
Event: 2005.290 Thread 0x00000226ff5a0190 Uncommon trap: trap_request=0xffffffde fr.pc=0x00000226adc1ea58 relative=0x00000000000004f8
Event: 2005.290 Thread 0x00000226ff5a0190 Uncommon trap: reason=class_check action=maybe_recompile pc=0x00000226adc1ea58 method=java.util.AbstractMap.hashCode()I @ 3 c2
Event: 2005.290 Thread 0x00000226ff5a0190 DEOPT PACKING pc=0x00000226adc1ea58 sp=0x00000051da0fe9b0
Event: 2005.290 Thread 0x00000226ff5a0190 DEOPT UNPACKING pc=0x00000226ad543aa2 sp=0x00000051da0fe958 mode 2
Event: 2054.211 Thread 0x000002268654aa40 DEOPT PACKING pc=0x00000226a7ecbdab sp=0x00000051dc6feff0
Event: 2054.211 Thread 0x000002268654aa40 DEOPT UNPACKING pc=0x00000226ad544242 sp=0x00000051dc6fe4d8 mode 0
Event: 2190.752 Thread 0x0000022684a473c0 DEOPT PACKING pc=0x00000226a7ecbdab sp=0x00000051db8fefa0
Event: 2190.753 Thread 0x0000022684a473c0 DEOPT UNPACKING pc=0x00000226ad544242 sp=0x00000051db8fe488 mode 0

Classes loaded (20 events):
Event: 898.612 Loading class java/lang/Throwable$PrintStreamOrWriter
Event: 898.613 Loading class java/lang/Throwable$PrintStreamOrWriter done
Event: 1311.755 Loading class sun/security/ssl/PreSharedKeyExtension$PskIdentity
Event: 1311.805 Loading class sun/security/ssl/PreSharedKeyExtension$PskIdentity done
Event: 1311.822 Loading class sun/security/ssl/PreSharedKeyExtension$CHPreSharedKeySpec
Event: 1311.970 Loading class sun/security/ssl/PreSharedKeyExtension$CHPreSharedKeySpec done
Event: 1311.971 Loading class sun/security/ssl/PreSharedKeyExtension$PartialClientHelloMessage
Event: 1312.013 Loading class sun/security/ssl/PreSharedKeyExtension$PartialClientHelloMessage done
Event: 1312.015 Loading class sun/security/ssl/SSLEngineOutputRecord
Event: 1312.142 Loading class sun/security/ssl/SSLEngineOutputRecord done
Event: 1312.837 Loading class sun/security/ssl/SSLEngineOutputRecord$HandshakeFragment
Event: 1312.873 Loading class sun/security/ssl/SSLEngineOutputRecord$HandshakeFragment done
Event: 1312.875 Loading class sun/security/ssl/SSLEngineOutputRecord$HandshakeMemo
Event: 1312.888 Loading class sun/security/ssl/SSLEngineOutputRecord$RecordMemo
Event: 1312.890 Loading class sun/security/ssl/SSLEngineOutputRecord$RecordMemo done
Event: 1312.890 Loading class sun/security/ssl/SSLEngineOutputRecord$HandshakeMemo done
Event: 1313.868 Loading class sun/security/ssl/PreSharedKeyExtension$SHPreSharedKeySpec
Event: 1313.874 Loading class sun/security/ssl/PreSharedKeyExtension$SHPreSharedKeySpec done
Event: 1716.303 Loading class java/lang/Throwable$WrappedPrintWriter
Event: 1716.314 Loading class java/lang/Throwable$WrappedPrintWriter done

Classes unloaded (13 events):
Event: 33.826 Thread 0x00000226a2d54560 Unloading class 0x00000226bb1a7000 'java/lang/invoke/LambdaForm$MH+0x00000226bb1a7000'
Event: 33.826 Thread 0x00000226a2d54560 Unloading class 0x00000226bb1a6c00 'java/lang/invoke/LambdaForm$MH+0x00000226bb1a6c00'
Event: 33.826 Thread 0x00000226a2d54560 Unloading class 0x00000226bb1a6800 'java/lang/invoke/LambdaForm$MH+0x00000226bb1a6800'
Event: 33.826 Thread 0x00000226a2d54560 Unloading class 0x00000226bb1a6400 'java/lang/invoke/LambdaForm$MH+0x00000226bb1a6400'
Event: 33.826 Thread 0x00000226a2d54560 Unloading class 0x00000226bb1a6000 'java/lang/invoke/LambdaForm$BMH+0x00000226bb1a6000'
Event: 33.826 Thread 0x00000226a2d54560 Unloading class 0x00000226bb1a5c00 'java/lang/invoke/LambdaForm$DMH+0x00000226bb1a5c00'
Event: 33.826 Thread 0x00000226a2d54560 Unloading class 0x00000226bb1a4800 'java/lang/invoke/LambdaForm$DMH+0x00000226bb1a4800'
Event: 36.116 Thread 0x00000226a2d54560 Unloading class 0x00000226bb31c400 'java/lang/invoke/LambdaForm$MH+0x00000226bb31c400'
Event: 36.116 Thread 0x00000226a2d54560 Unloading class 0x00000226bb31b800 'java/lang/invoke/LambdaForm$MH+0x00000226bb31b800'
Event: 36.116 Thread 0x00000226a2d54560 Unloading class 0x00000226bb31b000 'java/lang/invoke/LambdaForm$MH+0x00000226bb31b000'
Event: 36.116 Thread 0x00000226a2d54560 Unloading class 0x00000226bb31a800 'java/lang/invoke/LambdaForm$MH+0x00000226bb31a800'
Event: 36.116 Thread 0x00000226a2d54560 Unloading class 0x00000226bb31a400 'java/lang/invoke/LambdaForm$DMH+0x00000226bb31a400'
Event: 36.116 Thread 0x00000226a2d54560 Unloading class 0x00000226bb319800 'java/lang/invoke/LambdaForm$MH+0x00000226bb319800'

Classes redefined (0 events):
No events

Internal exceptions (20 events):
Event: 1990.173 Thread 0x000002268654f900 Exception <a 'sun/nio/fs/WindowsException'{0x00000000d55d9230}> (0x00000000d55d9230) 
thrown [s\src\hotspot\share\prims\jni.cpp, line 520]
Event: 1990.173 Thread 0x000002268654f900 Exception <a 'sun/nio/fs/WindowsException'{0x00000000d55d9960}> (0x00000000d55d9960) 
thrown [s\src\hotspot\share\prims\jni.cpp, line 520]
Event: 1990.174 Thread 0x000002268654f900 Exception <a 'sun/nio/fs/WindowsException'{0x00000000d55dac08}> (0x00000000d55dac08) 
thrown [s\src\hotspot\share\prims\jni.cpp, line 520]
Event: 1990.174 Thread 0x000002268654f900 Exception <a 'sun/nio/fs/WindowsException'{0x00000000d55db338}> (0x00000000d55db338) 
thrown [s\src\hotspot\share\prims\jni.cpp, line 520]
Event: 1990.177 Thread 0x000002268654f900 Exception <a 'sun/nio/fs/WindowsException'{0x00000000d55dc5e0}> (0x00000000d55dc5e0) 
thrown [s\src\hotspot\share\prims\jni.cpp, line 520]
Event: 1990.177 Thread 0x000002268654f900 Exception <a 'sun/nio/fs/WindowsException'{0x00000000d55dcf50}> (0x00000000d55dcf50) 
thrown [s\src\hotspot\share\prims\jni.cpp, line 520]
Event: 1990.177 Thread 0x000002268654f900 Exception <a 'sun/nio/fs/WindowsException'{0x00000000d55de1f8}> (0x00000000d55de1f8) 
thrown [s\src\hotspot\share\prims\jni.cpp, line 520]
Event: 1990.177 Thread 0x000002268654f900 Exception <a 'sun/nio/fs/WindowsException'{0x00000000d55de928}> (0x00000000d55de928) 
thrown [s\src\hotspot\share\prims\jni.cpp, line 520]
Event: 1990.178 Thread 0x000002268654f900 Exception <a 'sun/nio/fs/WindowsException'{0x00000000d55dfb10}> (0x00000000d55dfb10) 
thrown [s\src\hotspot\share\prims\jni.cpp, line 520]
Event: 1990.178 Thread 0x000002268654f900 Exception <a 'sun/nio/fs/WindowsException'{0x00000000d55e0240}> (0x00000000d55e0240) 
thrown [s\src\hotspot\share\prims\jni.cpp, line 520]
Event: 1990.178 Thread 0x000002268654f900 Exception <a 'sun/nio/fs/WindowsException'{0x00000000d55e2a60}> (0x00000000d55e2a60) 
thrown [s\src\hotspot\share\prims\jni.cpp, line 520]
Event: 1990.178 Thread 0x000002268654f900 Exception <a 'sun/nio/fs/WindowsException'{0x00000000d55e3190}> (0x00000000d55e3190) 
thrown [s\src\hotspot\share\prims\jni.cpp, line 520]
Event: 1990.179 Thread 0x000002268654f900 Exception <a 'sun/nio/fs/WindowsException'{0x00000000d55e7df8}> (0x00000000d55e7df8) 
thrown [s\src\hotspot\share\prims\jni.cpp, line 520]
Event: 1990.179 Thread 0x000002268654f900 Exception <a 'sun/nio/fs/WindowsException'{0x00000000d55e8528}> (0x00000000d55e8528) 
thrown [s\src\hotspot\share\prims\jni.cpp, line 520]
Event: 2005.036 Thread 0x0000022684c4d6d0 Exception <a 'java/lang/NoSuchMethodError'{0x00000000d5599ad8}: static Lorg/jetbrains/kotlin/gradle/tasks/FailedCompilationException;.<clinit>()V> (0x00000000d5599ad8) 
thrown [s\src\hotspot\share\prims\jni.cpp, line 1111]
Event: 2005.039 Thread 0x0000022684c4d6d0 Exception <a 'java/lang/NoSuchMethodError'{0x00000000d559b0c8}: static Lorg/jetbrains/kotlin/gradle/tasks/CompilationErrorException;.<clinit>()V> (0x00000000d559b0c8) 
thrown [s\src\hotspot\share\prims\jni.cpp, line 1111]
Event: 2005.091 Thread 0x0000022684c4d6d0 Exception <a 'java/lang/NoSuchMethodError'{0x00000000d5695980}: static Lorg/gradle/workers/internal/DefaultWorkerExecutor$WorkExecutionException;.<clinit>()V> (0x00000000d5695980) 
thrown [s\src\hotspot\share\prims\jni.cpp, line 1111]
Event: 2005.180 Thread 0x0000022684c4d6d0 Exception <a 'java/lang/NoSuchMethodError'{0x00000000d55dae40}: static Lorg/gradle/api/GradleException;.<clinit>()V> (0x00000000d55dae40) 
thrown [s\src\hotspot\share\prims\jni.cpp, line 1111]
Event: 2005.180 Thread 0x0000022684c4d6d0 Exception <a 'java/lang/NoSuchMethodError'{0x00000000d55dc3b0}: static Lorg/gradle/internal/exceptions/ContextAwareException;.<clinit>()V> (0x00000000d55dc3b0) 
thrown [s\src\hotspot\share\prims\jni.cpp, line 1111]
Event: 2005.180 Thread 0x0000022684c4d6d0 Exception <a 'java/lang/NoSuchMethodError'{0x00000000d55de538}: static Lorg/gradle/internal/exceptions/LocationAwareException;.<clinit>()V> (0x00000000d55de538) 
thrown [s\src\hotspot\share\prims\jni.cpp, line 1111]

ZGC Phase Switch (0 events):
No events

VM Operations (20 events):
Event: 1990.593 Executing safepoint VM operation: ParallelGCFailedAllocation (Allocation Failure)
Event: 1990.599 Executing safepoint VM operation: ParallelGCFailedAllocation (Allocation Failure) done
Event: 1991.600 Executing safepoint VM operation: Cleanup
Event: 1991.600 Executing safepoint VM operation: Cleanup done
Event: 1996.603 Executing safepoint VM operation: Cleanup
Event: 1996.603 Executing safepoint VM operation: Cleanup done
Event: 2003.606 Executing safepoint VM operation: Cleanup
Event: 2003.606 Executing safepoint VM operation: Cleanup done
Event: 2004.907 Executing safepoint VM operation: ParallelGCFailedAllocation (Allocation Failure)
Event: 2004.911 Executing safepoint VM operation: ParallelGCFailedAllocation (Allocation Failure) done
Event: 2005.022 Executing safepoint VM operation: ParallelGCFailedAllocation (Allocation Failure)
Event: 2005.028 Executing safepoint VM operation: ParallelGCFailedAllocation (Allocation Failure) done
Event: 2005.153 Executing safepoint VM operation: ParallelGCFailedAllocation (Allocation Failure)
Event: 2005.157 Executing safepoint VM operation: ParallelGCFailedAllocation (Allocation Failure) done
Event: 2006.157 Executing safepoint VM operation: Cleanup
Event: 2006.157 Executing safepoint VM operation: Cleanup done
Event: 2044.080 Executing non-safepoint VM operation: HandshakeAllThreads (HandshakeForDeflation)
Event: 2044.080 Executing non-safepoint VM operation: HandshakeAllThreads (HandshakeForDeflation) done
Event: 2044.080 Executing non-safepoint VM operation: RendezvousGCThreads
Event: 2044.080 Executing non-safepoint VM operation: RendezvousGCThreads done

Memory protections (0 events):
No events

Nmethod flushes (20 events):
Event: 579.565 Thread 0x00000226a2d54560 flushing  nmethod 0x00000226a6dcb590
Event: 579.565 Thread 0x00000226a2d54560 flushing  nmethod 0x00000226a6dcbd10
Event: 579.565 Thread 0x00000226a2d54560 flushing  nmethod 0x00000226a6dcc490
Event: 579.565 Thread 0x00000226a2d54560 flushing  nmethod 0x00000226a6dccd10
Event: 579.565 Thread 0x00000226a2d54560 flushing  nmethod 0x00000226a6dd3490
Event: 579.565 Thread 0x00000226a2d54560 flushing  nmethod 0x00000226a6ddb190
Event: 579.565 Thread 0x00000226a2d54560 flushing  nmethod 0x00000226a6ddb590
Event: 579.565 Thread 0x00000226a2d54560 flushing  nmethod 0x00000226a6dde210
Event: 579.566 Thread 0x00000226a2d54560 flushing  nmethod 0x00000226a6df4f90
Event: 579.566 Thread 0x00000226a2d54560 flushing  nmethod 0x00000226a6dfac10
Event: 579.567 Thread 0x00000226a2d54560 flushing osr nmethod 0x00000226a6e10210
Event: 579.567 Thread 0x00000226a2d54560 flushing  nmethod 0x00000226a6e10890
Event: 579.567 Thread 0x00000226a2d54560 flushing  nmethod 0x00000226a6e14110
Event: 579.567 Thread 0x00000226a2d54560 flushing  nmethod 0x00000226a6e15b90
Event: 579.567 Thread 0x00000226a2d54560 flushing  nmethod 0x00000226a6e1e890
Event: 579.567 Thread 0x00000226a2d54560 flushing  nmethod 0x00000226a6e1ec10
Event: 579.567 Thread 0x00000226a2d54560 flushing  nmethod 0x00000226a6e1ef90
Event: 579.567 Thread 0x00000226a2d54560 flushing  nmethod 0x00000226a6e1f510
Event: 579.568 Thread 0x00000226a2d54560 flushing  nmethod 0x00000226a6e28210
Event: 579.568 Thread 0x00000226a2d54560 flushing  nmethod 0x00000226a6eb1810

Events (20 events):
Event: 1990.188 Thread 0x0000022684c4f110 Thread added: 0x0000022684c52590
Event: 1990.189 Thread 0x0000022684c4bc90 Thread added: 0x0000022684c52c20
Event: 1990.190 Thread 0x0000022684c4dd60 Thread added: 0x0000022684c4fe30
Event: 1990.190 Thread 0x0000022684c4c9b0 Thread added: 0x0000022684c50b50
Event: 1990.191 Thread 0x0000022684c4f110 Thread added: 0x0000022684c511e0
Event: 1990.194 Thread 0x0000022684c52590 Thread added: 0x000002268654b760
Event: 1990.196 Thread 0x0000022684c4bc90 Thread added: 0x000002268654f270
Event: 1990.200 Thread 0x000002268654f270 Thread exited: 0x000002268654f270
Event: 1990.200 Thread 0x0000022684c4c9b0 Thread exited: 0x0000022684c4c9b0
Event: 1990.200 Thread 0x0000022684c50b50 Thread exited: 0x0000022684c50b50
Event: 1990.200 Thread 0x0000022684c4bc90 Thread exited: 0x0000022684c4bc90
Event: 1990.200 Thread 0x0000022684c4f110 Thread exited: 0x0000022684c4f110
Event: 1990.200 Thread 0x0000022684c52c20 Thread exited: 0x0000022684c52c20
Event: 1990.200 Thread 0x0000022684c52590 Thread exited: 0x0000022684c52590
Event: 1990.200 Thread 0x0000022684c511e0 Thread exited: 0x0000022684c511e0
Event: 1990.200 Thread 0x0000022684c4dd60 Thread exited: 0x0000022684c4dd60
Event: 1990.200 Thread 0x0000022684c4fe30 Thread exited: 0x0000022684c4fe30
Event: 1990.200 Thread 0x000002268654b760 Thread exited: 0x000002268654b760
Event: 2005.198 Thread 0x0000022684c4d6d0 Thread exited: 0x0000022684c4d6d0
Event: 2050.879 Thread 0x000002268654f900 Thread exited: 0x000002268654f900


Dynamic libraries:
0x00007ff656290000 - 0x00007ff65629e000 	c:\Users\obami\.antigravity-ide\extensions\redhat.java-1.55.0-win32-x64\jre\21.0.11-win32-x86_64\bin\java.exe
0x00007ffa7c2e0000 - 0x00007ffa7c546000 	C:\WINDOWS\SYSTEM32\ntdll.dll
0x00007ffa7b140000 - 0x00007ffa7b209000 	C:\WINDOWS\System32\KERNEL32.DLL
0x00007ffa794f0000 - 0x00007ffa798ef000 	C:\WINDOWS\System32\KERNELBASE.dll
0x00007ffa79bd0000 - 0x00007ffa79d1c000 	C:\WINDOWS\System32\ucrtbase.dll
0x00007ffa26a00000 - 0x00007ffa26a18000 	c:\Users\obami\.antigravity-ide\extensions\redhat.java-1.55.0-win32-x64\jre\21.0.11-win32-x86_64\bin\jli.dll
0x00007ffa7b290000 - 0x00007ffa7b456000 	C:\WINDOWS\System32\USER32.dll
0x00007ffa79900000 - 0x00007ffa79927000 	C:\WINDOWS\System32\win32u.dll
0x00007ffa244d0000 - 0x00007ffa244ee000 	c:\Users\obami\.antigravity-ide\extensions\redhat.java-1.55.0-win32-x64\jre\21.0.11-win32-x86_64\bin\VCRUNTIME140.dll
0x00007ffa7b210000 - 0x00007ffa7b23b000 	C:\WINDOWS\System32\GDI32.dll
0x00007ffa79930000 - 0x00007ffa79a59000 	C:\WINDOWS\System32\gdi32full.dll
0x00007ffa79b20000 - 0x00007ffa79bc3000 	C:\WINDOWS\System32\msvcp_win.dll
0x00007ffa4ee80000 - 0x00007ffa4f111000 	C:\WINDOWS\WinSxS\amd64_microsoft.windows.common-controls_6595b64144ccf1df_6.0.26100.8972_none_3e0da176e32f9d4b\COMCTL32.dll
0x00007ffa7a7c0000 - 0x00007ffa7a869000 	C:\WINDOWS\System32\msvcrt.dll
0x00007ffa7b640000 - 0x00007ffa7b672000 	C:\WINDOWS\System32\IMM32.DLL
0x00007ffa73cd0000 - 0x00007ffa73cdc000 	c:\Users\obami\.antigravity-ide\extensions\redhat.java-1.55.0-win32-x64\jre\21.0.11-win32-x86_64\bin\vcruntime140_1.dll
0x00007ff9f4930000 - 0x00007ff9f49bd000 	c:\Users\obami\.antigravity-ide\extensions\redhat.java-1.55.0-win32-x64\jre\21.0.11-win32-x86_64\bin\msvcp140.dll
0x00007ff966590000 - 0x00007ff967332000 	c:\Users\obami\.antigravity-ide\extensions\redhat.java-1.55.0-win32-x64\jre\21.0.11-win32-x86_64\bin\server\jvm.dll
0x00007ffa7a480000 - 0x00007ffa7a53c000 	C:\WINDOWS\System32\ADVAPI32.dll
0x00007ffa7a870000 - 0x00007ffa7a91a000 	C:\WINDOWS\System32\sechost.dll
0x00007ffa7afe0000 - 0x00007ffa7b0f8000 	C:\WINDOWS\System32\RPCRT4.dll
0x00007ffa7a9a0000 - 0x00007ffa7aa22000 	C:\WINDOWS\System32\WS2_32.dll
0x00007ffa6d510000 - 0x00007ffa6d546000 	C:\WINDOWS\SYSTEM32\WINMM.dll
0x00007ffa75d80000 - 0x00007ffa75d8b000 	C:\WINDOWS\SYSTEM32\VERSION.dll
0x00007ffa79350000 - 0x00007ffa793ae000 	C:\WINDOWS\SYSTEM32\POWRPROF.dll
0x00007ffa79330000 - 0x00007ffa79345000 	C:\WINDOWS\SYSTEM32\UMPDC.dll
0x00007ffa78150000 - 0x00007ffa7816b000 	C:\WINDOWS\SYSTEM32\kernel.appcore.dll
0x00007ffa68210000 - 0x00007ffa6821a000 	c:\Users\obami\.antigravity-ide\extensions\redhat.java-1.55.0-win32-x64\jre\21.0.11-win32-x86_64\bin\jimage.dll
0x00007ffa765b0000 - 0x00007ffa767f2000 	C:\WINDOWS\SYSTEM32\DBGHELP.DLL
0x00007ffa7a070000 - 0x00007ffa7a3f5000 	C:\WINDOWS\System32\combase.dll
0x00007ffa7b850000 - 0x00007ffa7b929000 	C:\WINDOWS\System32\OLEAUT32.dll
0x00007ffa40390000 - 0x00007ffa403cb000 	C:\WINDOWS\SYSTEM32\dbgcore.DLL
0x00007ffa79a60000 - 0x00007ffa79b0c000 	C:\WINDOWS\System32\bcryptPrimitives.dll
0x00007ffa4ab40000 - 0x00007ffa4ab4f000 	c:\Users\obami\.antigravity-ide\extensions\redhat.java-1.55.0-win32-x64\jre\21.0.11-win32-x86_64\bin\instrument.dll
0x00007ffa24270000 - 0x00007ffa24290000 	c:\Users\obami\.antigravity-ide\extensions\redhat.java-1.55.0-win32-x64\jre\21.0.11-win32-x86_64\bin\java.dll
0x00007ffa7bb10000 - 0x00007ffa7c298000 	C:\WINDOWS\System32\SHELL32.dll
0x00007ffa76f60000 - 0x00007ffa777fb000 	C:\WINDOWS\SYSTEM32\windows.storage.dll
0x00007ffa7b680000 - 0x00007ffa7b779000 	C:\WINDOWS\System32\SHCORE.dll
0x00007ffa7a920000 - 0x00007ffa7a986000 	C:\WINDOWS\System32\shlwapi.dll
0x00007ffa79410000 - 0x00007ffa79439000 	C:\WINDOWS\SYSTEM32\profapi.dll
0x00007ffa1e280000 - 0x00007ffa1e298000 	c:\Users\obami\.antigravity-ide\extensions\redhat.java-1.55.0-win32-x64\jre\21.0.11-win32-x86_64\bin\zip.dll
0x00007ffa677d0000 - 0x00007ffa677e0000 	C:\Users\obami\.antigravity-ide\extensions\redhat.java-1.55.0-win32-x64\jre\21.0.11-win32-x86_64\bin\net.dll
0x00007ffa67140000 - 0x00007ffa67268000 	C:\WINDOWS\SYSTEM32\WINHTTP.dll
0x00007ffa78750000 - 0x00007ffa787bc000 	C:\WINDOWS\system32\mswsock.dll
0x00007ffa1dde0000 - 0x00007ffa1ddf6000 	C:\Users\obami\.antigravity-ide\extensions\redhat.java-1.55.0-win32-x64\jre\21.0.11-win32-x86_64\bin\nio.dll
0x00007ffa4a850000 - 0x00007ffa4a860000 	c:\Users\obami\.antigravity-ide\extensions\redhat.java-1.55.0-win32-x64\jre\21.0.11-win32-x86_64\bin\verify.dll
0x00007ff9f48e0000 - 0x00007ff9f4925000 	C:\Users\obami\AppData\Roaming\Antigravity IDE\User\globalStorage\redhat.java\1.55.0\config_win\org.eclipse.equinox.launcher\org.eclipse.equinox.launcher.win32.win32.x86_64_1.3.100.v20260613-0559\eclipse_11924.dll
0x00007ffa7b970000 - 0x00007ffa7bb09000 	C:\WINDOWS\System32\ole32.dll
0x00007ffa78a60000 - 0x00007ffa78a7b000 	C:\WINDOWS\SYSTEM32\CRYPTSP.dll
0x00007ffa78110000 - 0x00007ffa78149000 	C:\WINDOWS\system32\rsaenh.dll
0x00007ffa78800000 - 0x00007ffa78832000 	C:\WINDOWS\SYSTEM32\USERENV.dll
0x00007ffa793e0000 - 0x00007ffa7940a000 	C:\WINDOWS\SYSTEM32\bcrypt.dll
0x00007ffa78a80000 - 0x00007ffa78a8c000 	C:\WINDOWS\SYSTEM32\CRYPTBASE.dll
0x00007ffa77c00000 - 0x00007ffa77c33000 	C:\WINDOWS\SYSTEM32\IPHLPAPI.DLL
0x00007ffa7b130000 - 0x00007ffa7b13a000 	C:\WINDOWS\System32\NSI.dll
0x00007ff9f43c0000 - 0x00007ff9f4409000 	C:\Users\obami\AppData\Local\Temp\jna-105527050\jna1713096940342406052.dll
0x00007ffa7b780000 - 0x00007ffa7b788000 	C:\WINDOWS\System32\PSAPI.DLL
0x00007ffa68e50000 - 0x00007ffa68e6d000 	C:\WINDOWS\SYSTEM32\dhcpcsvc6.DLL
0x00007ffa68db0000 - 0x00007ffa68dd5000 	C:\WINDOWS\SYSTEM32\dhcpcsvc.DLL
0x00007ffa44310000 - 0x00007ffa4431e000 	C:\Users\obami\.antigravity-ide\extensions\redhat.java-1.55.0-win32-x64\jre\21.0.11-win32-x86_64\bin\sunmscapi.dll
0x00007ffa79d30000 - 0x00007ffa79eae000 	C:\WINDOWS\System32\CRYPT32.dll
0x00007ffa78cc0000 - 0x00007ffa78cf0000 	C:\WINDOWS\SYSTEM32\ncrypt.dll
0x00007ffa78c70000 - 0x00007ffa78caf000 	C:\WINDOWS\SYSTEM32\NTASN1.dll
0x00007ffa77c40000 - 0x00007ffa77d98000 	C:\WINDOWS\SYSTEM32\DNSAPI.dll
0x00007ffa784f0000 - 0x00007ffa784fd000 	C:\WINDOWS\SYSTEM32\DSPARSE.dll
0x00007ffa679c0000 - 0x00007ffa679cb000 	C:\Windows\System32\rasadhlp.dll
0x00007ffa6d2a0000 - 0x00007ffa6d326000 	C:\WINDOWS\System32\fwpuclnt.dll
0x00007ffa3a3e0000 - 0x00007ffa3a3e9000 	C:\Users\obami\.antigravity-ide\extensions\redhat.java-1.55.0-win32-x64\jre\21.0.11-win32-x86_64\bin\extnet.dll
0x00007ffa1d420000 - 0x00007ffa1d447000 	C:\Users\obami\.gradle\native\1def1411415f61bf3af743bc5b6707747c0891f09f0c88961ee8f79bc544acac\windows-amd64\native-platform.dll
0x00007ffa39520000 - 0x00007ffa3952a000 	C:\Users\obami\.antigravity-ide\extensions\redhat.java-1.55.0-win32-x64\jre\21.0.11-win32-x86_64\bin\management.dll
0x00007ffa38e60000 - 0x00007ffa38e6c000 	C:\Users\obami\.antigravity-ide\extensions\redhat.java-1.55.0-win32-x64\jre\21.0.11-win32-x86_64\bin\management_ext.dll
0x00007ffa55960000 - 0x00007ffa55968000 	C:\WINDOWS\system32\wshunix.dll
0x00007ffa1deb0000 - 0x00007ffa1ded7000 	C:\Users\obami\.gradle\native\c067742578af261105cb4f569cf0c3c89f3d7b1fecec35dd04571415982c5e48\windows-amd64\native-platform.dll
0x00007ffa53750000 - 0x00007ffa53777000 	C:\Users\obami\.gradle\native\68d5fa5c4cc2d200863cafc0d521ce42e7d3e7ee720ec0a83991735586a16f82\windows-amd64\native-platform.dll
0x00007ffa1dee0000 - 0x00007ffa1df07000 	C:\Users\obami\.gradle\native\e1d6ef7f7dcc3fd88c89a11ec53ec762bb8ba0a96d01ffa2cd45eb1d1d8dd5c5\windows-amd64\native-platform.dll

JVMTI agents:
c:\Users\obami\.antigravity-ide\extensions\redhat.java-1.55.0-win32-x64\lombok\lombok-1.18.39-4050.jar path:c:\Users\obami\.antigravity-ide\extensions\redhat.java-1.55.0-win32-x64\jre\21.0.11-win32-x86_64\bin\instrument.dll, loaded, initialized, instrumentlib options:none

dbghelp: loaded successfully - version: 4.0.5 - missing functions: none
symbol engine: initialized successfully - sym options: 0x614 - pdb path: .;c:\Users\obami\.antigravity-ide\extensions\redhat.java-1.55.0-win32-x64\jre\21.0.11-win32-x86_64\bin;C:\WINDOWS\SYSTEM32;C:\WINDOWS\WinSxS\amd64_microsoft.windows.common-controls_6595b64144ccf1df_6.0.26100.8972_none_3e0da176e32f9d4b;c:\Users\obami\.antigravity-ide\extensions\redhat.java-1.55.0-win32-x64\jre\21.0.11-win32-x86_64\bin\server;C:\Users\obami\AppData\Roaming\Antigravity IDE\User\globalStorage\redhat.java\1.55.0\config_win\org.eclipse.equinox.launcher\org.eclipse.equinox.launcher.win32.win32.x86_64_1.3.100.v20260613-0559;C:\Users\obami\AppData\Local\Temp\jna-105527050;C:\Users\obami\.gradle\native\1def1411415f61bf3af743bc5b6707747c0891f09f0c88961ee8f79bc544acac\windows-amd64;C:\Users\obami\.gradle\native\c067742578af261105cb4f569cf0c3c89f3d7b1fecec35dd04571415982c5e48\windows-amd64;C:\Users\obami\.gradle\native\68d5fa5c4cc2d200863cafc0d521ce42e7d3e7ee720ec0a83991735586a16f82\windows-amd64;C:\Users\obami\.gradle\native\e1d6ef7f7dcc3fd88c89a11ec53ec762bb8ba0a96d01ffa2cd45eb1d1d8dd5c5\windows-amd64

VM Arguments:
jvm_args: --add-modules=ALL-SYSTEM --add-opens=java.base/java.util=ALL-UNNAMED --add-opens=java.base/java.lang=ALL-UNNAMED --add-opens=java.base/sun.nio.fs=ALL-UNNAMED -Declipse.application=org.eclipse.jdt.ls.core.id1 -Dosgi.bundles.defaultStartLevel=4 -Declipse.product=org.eclipse.jdt.ls.core.product -Djava.import.generatesMetadataFilesAtProjectRoot=false -DDetectVMInstallationsJob.disabled=true -Dfile.encoding=utf8 -XX:+UseParallelGC -XX:GCTimeRatio=4 -XX:AdaptiveSizePolicyWeight=90 -Dsun.zip.disableMemoryMapping=true -Xmx2G -Xms100m -Xlog:disable -javaagent:c:\Users\obami\.antigravity-ide\extensions\redhat.java-1.55.0-win32-x64\lombok\lombok-1.18.39-4050.jar -XX:+HeapDumpOnOutOfMemoryError -XX:HeapDumpPath=c:\Users\obami\AppData\Roaming\Antigravity IDE\User\workspaceStorage\91f3a06f79f320ea0fe909bcc61c6b17\redhat.java -Daether.dependencyCollector.impl=bf 
java_command: c:\Users\obami\.antigravity-ide\extensions\redhat.java-1.55.0-win32-x64\server\plugins\org.eclipse.equinox.launcher_1.7.200.v20260619-2039.jar -configuration c:\Users\obami\AppData\Roaming\Antigravity IDE\User\globalStorage\redhat.java\1.55.0\config_win -data c:\Users\obami\AppData\Roaming\Antigravity IDE\User\workspaceStorage\91f3a06f79f320ea0fe909bcc61c6b17\redhat.java\jdt_ws --pipe=\\.\pipe\lsp-58a3b5614d0bfe9af8965f589ac1dc35-sock
java_class_path (initial): c:\Users\obami\.antigravity-ide\extensions\redhat.java-1.55.0-win32-x64\server\plugins\org.eclipse.equinox.launcher_1.7.200.v20260619-2039.jar
Launcher Type: SUN_STANDARD

[Global flags]
    uintx AdaptiveSizePolicyWeight                 = 90                                        {product} {command line}
     intx CICompilerCount                          = 4                                         {product} {ergonomic}
    uintx GCTimeRatio                              = 4                                         {product} {command line}
     bool HeapDumpOnOutOfMemoryError               = true                                   {manageable} {command line}
    ccstr HeapDumpPath                             = c:\Users\obami\AppData\Roaming\Antigravity IDE\User\workspaceStorage\91f3a06f79f320ea0fe909bcc61c6b17\redhat.java         {manageable} {command line}
   size_t InitialHeapSize                          = 104857600                                 {product} {command line}
   size_t MaxHeapSize                              = 2147483648                                {product} {command line}
   size_t MaxNewSize                               = 715653120                                 {product} {ergonomic}
   size_t MinHeapDeltaBytes                        = 524288                                    {product} {ergonomic}
   size_t MinHeapSize                              = 104857600                                 {product} {command line}
   size_t NewSize                                  = 34603008                                  {product} {ergonomic}
    uintx NonNMethodCodeHeapSize                   = 5839372                                {pd product} {ergonomic}
    uintx NonProfiledCodeHeapSize                  = 122909434                              {pd product} {ergonomic}
   size_t OldSize                                  = 70254592                                  {product} {ergonomic}
    uintx ProfiledCodeHeapSize                     = 122909434                              {pd product} {ergonomic}
    uintx ReservedCodeCacheSize                    = 251658240                              {pd product} {ergonomic}
     bool SegmentedCodeCache                       = true                                      {product} {ergonomic}
   size_t SoftMaxHeapSize                          = 2147483648                             {manageable} {ergonomic}
     bool UseCompressedOops                        = true                           {product lp64_product} {ergonomic}
     bool UseLargePagesIndividualAllocation        = false                                  {pd product} {ergonomic}
     bool UseParallelGC                            = true                                      {product} {command line}

Logging:
Log output configuration:
 #0: stdout all=off uptime,level,tags foldmultilines=false
 #1: stderr all=off uptime,level,tags foldmultilines=false

Release file:
JAVA_VERSION="21.0.11" 
MODULES="java.base java.compiler java.datatransfer java.xml java.prefs java.desktop java.instrument java.logging java.management java.security.sasl java.naming java.rmi java.management.rmi java.net.http java.scripting java.security.jgss java.transaction.xa java.sql java.sql.rowset java.xml.crypto java.se java.smartcardio jdk.accessibility jdk.internal.jvmstat jdk.attach jdk.charsets jdk.internal.opt jdk.zipfs jdk.compiler jdk.crypto.ec jdk.crypto.cryptoki jdk.crypto.mscapi jdk.dynalink jdk.internal.ed jdk.editpad jdk.hotspot.agent jdk.httpserver jdk.internal.le jdk.internal.vm.ci jdk.internal.vm.compiler jdk.internal.vm.compiler.management jdk.jartool jdk.javadoc jdk.jcmd jdk.management jdk.management.agent jdk.jconsole jdk.jdeps jdk.jdwp.agent jdk.jdi jdk.jfr jdk.jshell jdk.jsobject jdk.jstatd jdk.localedata jdk.management.jfr jdk.naming.dns jdk.naming.rmi jdk.net jdk.nio.mapmode jdk.random jdk.sctp jdk.security.auth jdk.security.jgss jdk.unsupported jdk.unsupported.desktop jdk.xml.dom" 

Environment Variables:
JAVA_HOME=C:\Program Files\Java\jdk-17
PATH=C:\Program Files\Common Files\Siemens\Automation\Simatic OAM\bin;C:\Program Files\Common Files\Oracle\Java\javapath;C:\Program Files\Eclipse Adoptium\jdk-21.0.7.6-hotspot\bin;C:\windows\system32;C:\windows;C:\windows\System32\Wbem;C:\windows\System32\WindowsPowerShell\v1.0\;C:\windows\System32\OpenSSH\;C:\Program Files (x86)\NVIDIA Corporation\PhysX\Common;C:\Program Files\NVIDIA Corporation\NVIDIA NvDLISR;C:\Program Files\Git\cmd;C:\Program Files\nodejs\;C:\ProgramData\chocolatey\bin;C:\WINDOWS\system32;C:\WINDOWS;C:\WINDOWS\System32\Wbem;C:\WINDOWS\System32\WindowsPowerShell\v1.0\;C:\WINDOWS\System32\OpenSSH\;C:\Program Files\dotnet\;C:\Program Files (x86)\Microsoft SQL Server\160\Tools\Binn\;C:\Program Files\Microsoft SQL Server\160\Tools\Binn\;C:\Program Files\Microsoft SQL Server\Client SDK\ODBC\170\Tools\Binn\;C:\Program Files\Microsoft SQL Server\160\DTS\Binn\;C:\Program Files (x86)\Windows Kits\8.1\Windows Performance Toolkit\;C:\Program Files\CMake\bin;C:\Program Files\Polyspace\R2019a\runtime\win64;C:\Program Files\Polyspace\R2019a\bin;C:\Program Files\MATLAB\R2024a\runtime\win64;C:\Program Files\MATLAB\R2024a\bin;C:\Program Files (x86)\Microsoft SQL Server\Client SDK\ODBC\110\Tools\Binn\;C:\Program Files (x86)\Microsoft SQL Server\120\Tools\Binn\;C:\Program Files (x86)\Microsoft SQL Server\120\DTS\Binn\;C:\Program Files\Polyspace\R2019a\polyspace\bin;C:\Users\obami\.cargo\bin;C:\Users\obami\AppData\Local\Programs\Python\Python38;C:\Users\obami\AppData\Local\Programs\Python\Python39\;C:\Users\obami\AppData\Local\Programs\Python\Python39;C:\Users\obami\AppData\Local\Programs\Python\Python313\Scripts;C:\Users\obami\AppData\Local\Programs\Microsoft VS Code\bin;C:\Users\obami\AppData\Local\Programs\Python\Python38\Scripts;C:\Users\obami\AppData\Roaming\npm;C:\Users\obami\AppData\Local\Programs\Antigravity\bin;C:\Users\obami\libimobiledevice;C:\Users\obami\AppData\Local\Programs\Antigravity IDE\bin
USERNAME=obami
OS=Windows_NT
PROCESSOR_IDENTIFIER=Intel64 Family 6 Model 154 Stepping 4, GenuineIntel
TMP=C:\Users\obami\AppData\Local\Temp
TEMP=C:\Users\obami\AppData\Local\Temp




Periodic native trim disabled

---------------  S Y S T E M  ---------------

OS:
 Windows 11 , 64 bit Build 26100 (10.0.26100.9168)
OS uptime: 0 days 7:47 hours
Hyper-V role detected

CPU: total 12 (initial active 12) (6 cores per cpu, 2 threads per core) family 6 model 154 stepping 4 microcode 0x437, cx8, cmov, fxsr, ht, mmx, 3dnowpref, sse, sse2, sse3, ssse3, sse4.1, sse4.2, popcnt, lzcnt, tsc, tscinvbit, avx, avx2, aes, erms, clmul, bmi1, bmi2, adx, sha, fma, vzeroupper, clflush, clflushopt, clwb, hv, serialize, rdtscp, rdpid, fsrm, f16c, cet_ibt, cet_ss
Processor Information for processor 0
  Max Mhz: 1300, Current Mhz: 1300, Mhz Limit: 1300
Processor Information for processor 1
  Max Mhz: 1300, Current Mhz: 1300, Mhz Limit: 1300
Processor Information for processor 2
  Max Mhz: 1300, Current Mhz: 1300, Mhz Limit: 1300
Processor Information for processor 3
  Max Mhz: 1300, Current Mhz: 1300, Mhz Limit: 1300
Processor Information for processor 4
  Max Mhz: 1300, Current Mhz: 900, Mhz Limit: 897
Processor Information for processor 5
  Max Mhz: 1300, Current Mhz: 900, Mhz Limit: 897
Processor Information for processor 6
  Max Mhz: 1300, Current Mhz: 900, Mhz Limit: 897
Processor Information for processor 7
  Max Mhz: 1300, Current Mhz: 900, Mhz Limit: 897
Processor Information for processor 8
  Max Mhz: 1300, Current Mhz: 900, Mhz Limit: 897
Processor Information for processor 9
  Max Mhz: 1300, Current Mhz: 900, Mhz Limit: 897
Processor Information for processor 10
  Max Mhz: 1300, Current Mhz: 900, Mhz Limit: 897
Processor Information for processor 11
  Max Mhz: 1300, Current Mhz: 900, Mhz Limit: 897

Memory: 4k page, system-wide physical 7865M (379M free)
TotalPageFile size 32441M (AvailPageFile size 8M)
current process WorkingSet (physical memory assigned to process): 23M, peak: 629M
current process commit charge ("private bytes"): 1141M, peak: 1719M

vm_info: OpenJDK 64-Bit Server VM (21.0.11+10-LTS) for windows-amd64 JRE (21.0.11+10-LTS), built on 2026-04-21T00:00:00Z by "admin" with MS VC++ 17.12 (VS2022)

END.
