#
# There is insufficient memory for the Java Runtime Environment to continue.
# Native memory allocation (mmap) failed to map 130023424 bytes for G1 virtual space
# Possible reasons:
#   The system is out of physical RAM or swap space
#   The process is running with CompressedOops enabled, and the Java Heap may be blocking the growth of the native heap
# Possible solutions:
#   Reduce memory load on the system
#   Increase physical memory or swap space
#   Check if swap backing store is full
#   Decrease Java heap size (-Xmx/-Xms)
#   Decrease number of Java threads
#   Decrease Java thread stack sizes (-Xss)
#   Set larger code cache with -XX:ReservedCodeCacheSize=
#   JVM is running with Unscaled Compressed Oops mode in which the Java heap is
#     placed in the first 4GB address space. The Java Heap base address is the
#     maximum limit for the native heap growth. Please use -XX:HeapBaseMinAddress
#     to set the Java Heap base and to place the Java Heap above 4GB virtual address.
# This output file may be truncated or incomplete.
#
#  Out of Memory Error (os_windows.cpp:3548), pid=9496, tid=28308
#
# JRE version:  (17.0.12+8) (build )
# Java VM: Java HotSpot(TM) 64-Bit Server VM (17.0.12+8-LTS-286, mixed mode, sharing, tiered, compressed oops, compressed class ptrs, g1 gc, windows-amd64)
# No core dump will be written. Minidumps are not enabled by default on client versions of Windows
#

---------------  S U M M A R Y ------------

Command Line: org.jetbrains.kotlin.cli.jvm.K2JVMCompiler @C:\Users\obami\Documents\codes\jobs\edvantagemobile-mikes_branch\node_modules\expo-dev-launcher\expo-dev-launcher-gradle-plugin\build\20260817_13489691503697778141.compiler.options

Host: 12th Gen Intel(R) Core(TM) i5-1235U, 12 cores, 7G,  Windows 11 , 64 bit Build 26100 (10.0.26100.9168)
Time: Mon Aug 17 23:58:48 2026 W. Central Africa Standard Time elapsed time: 1.118761 seconds (0d 0h 0m 1s)

---------------  T H R E A D  ---------------

Current thread (0x0000028b183e2d50):  JavaThread "Unknown thread" [_thread_in_vm, id=28308, stack(0x000000ce82900000,0x000000ce82a00000)]

Stack: [0x000000ce82900000,0x000000ce82a00000]
Native frames: (J=compiled Java code, j=interpreted, Vv=VM code, C=native code)
V  [jvm.dll+0x67a04a]
V  [jvm.dll+0x7da4ed]
V  [jvm.dll+0x7dbe33]
V  [jvm.dll+0x7dc4a3]
V  [jvm.dll+0x24508f]
V  [jvm.dll+0x677089]
V  [jvm.dll+0x66bd32]
V  [jvm.dll+0x301fa6]
V  [jvm.dll+0x309546]
V  [jvm.dll+0x359d2e]
V  [jvm.dll+0x359f5f]
V  [jvm.dll+0x2d9078]
V  [jvm.dll+0x2d9fe4]
V  [jvm.dll+0x7aca21]
V  [jvm.dll+0x367591]
V  [jvm.dll+0x78b999]
V  [jvm.dll+0x3ec83f]
V  [jvm.dll+0x3ee471]
C  [jli.dll+0x5297]
C  [ucrtbase.dll+0x2cd30]
C  [KERNEL32.DLL+0x2ccb7]
C  [ntdll.dll+0xaad6c]


---------------  P R O C E S S  ---------------

Threads class SMR info:
_java_thread_list=0x00007ff982af7a18, length=0, elements={
}

Java Threads: ( => current thread )

Other Threads:
  0x0000028b18440f60 GCTaskThread "GC Thread#0" [stack: 0x000000ce82a00000,0x000000ce82b00000] [id=21204]
  0x0000028b184513b0 ConcurrentGCThread "G1 Main Marker" [stack: 0x000000ce82b00000,0x000000ce82c00000] [id=1556]
  0x0000028b18451cc0 ConcurrentGCThread "G1 Conc#0" [stack: 0x000000ce82c00000,0x000000ce82d00000] [id=28180]

[error occurred during error reporting (printing all threads), id 0xc0000005, EXCEPTION_ACCESS_VIOLATION (0xc0000005) at pc=0x00007ff982329b67]

VM state: not at safepoint (not fully initialized)

VM Mutex/Monitor currently owned by a thread:  ([mutex/lock_event])
[0x0000028b183de630] Heap_lock - owner thread: 0x0000028b183e2d50

Heap address: 0x0000000085000000, size: 1968 MB, Compressed Oops mode: 32-bit

CDS archive(s) mapped at: [0x0000000000000000-0x0000000000000000-0x0000000000000000), size 0, SharedBaseAddress: 0x0000000800000000, ArchiveRelocationMode: 1.
Narrow klass base: 0x0000000000000000, Narrow klass shift: 0, Narrow klass range: 0x0

GC Precious Log:
<Empty>

Heap:
 garbage-first heap   total 0K, used 0K [0x0000000085000000, 0x0000000100000000)
  region size 1024K, 0 young (0K), 0 survivors (0K)

[error occurred during error reporting (printing heap information), id 0xc0000005, EXCEPTION_ACCESS_VIOLATION (0xc0000005) at pc=0x00007ff982713859]

GC Heap History (0 events):
No events

Deoptimization events (0 events):
No events

Classes unloaded (0 events):
No events

Classes redefined (0 events):
No events

Internal exceptions (0 events):
No events

VM Operations (0 events):
No events

Events (1 events):
Event: 0.021 Loaded shared library C:\Program Files\Java\jdk-17\bin\java.dll


Dynamic libraries:
0x00007ff791170000 - 0x00007ff791180000 	C:\Program Files\Java\jdk-17\bin\java.exe
0x00007ffa7c2e0000 - 0x00007ffa7c546000 	C:\WINDOWS\SYSTEM32\ntdll.dll
0x00007ffa7b140000 - 0x00007ffa7b209000 	C:\WINDOWS\System32\KERNEL32.DLL
0x00007ffa794f0000 - 0x00007ffa798ef000 	C:\WINDOWS\System32\KERNELBASE.dll
0x00007ffa79bd0000 - 0x00007ffa79d1c000 	C:\WINDOWS\System32\ucrtbase.dll
0x00007ffa4ab70000 - 0x00007ffa4ab89000 	C:\Program Files\Java\jdk-17\bin\jli.dll
0x00007ffa7a480000 - 0x00007ffa7a53c000 	C:\WINDOWS\System32\ADVAPI32.dll
0x00007ffa3d130000 - 0x00007ffa3d14b000 	C:\Program Files\Java\jdk-17\bin\VCRUNTIME140.dll
0x00007ffa7a7c0000 - 0x00007ffa7a869000 	C:\WINDOWS\System32\msvcrt.dll
0x00007ffa7a870000 - 0x00007ffa7a91a000 	C:\WINDOWS\System32\sechost.dll
0x00007ffa7afe0000 - 0x00007ffa7b0f8000 	C:\WINDOWS\System32\RPCRT4.dll
0x00007ffa7b290000 - 0x00007ffa7b456000 	C:\WINDOWS\System32\USER32.dll
0x00007ffa4ee80000 - 0x00007ffa4f111000 	C:\WINDOWS\WinSxS\amd64_microsoft.windows.common-controls_6595b64144ccf1df_6.0.26100.8972_none_3e0da176e32f9d4b\COMCTL32.dll
0x00007ffa7b210000 - 0x00007ffa7b23b000 	C:\WINDOWS\System32\GDI32.dll
0x00007ffa79900000 - 0x00007ffa79927000 	C:\WINDOWS\System32\win32u.dll
0x00007ffa79930000 - 0x00007ffa79a59000 	C:\WINDOWS\System32\gdi32full.dll
0x00007ffa79b20000 - 0x00007ffa79bc3000 	C:\WINDOWS\System32\msvcp_win.dll
0x00007ffa75d80000 - 0x00007ffa75d8b000 	C:\WINDOWS\SYSTEM32\VERSION.dll
0x00007ffa7b640000 - 0x00007ffa7b672000 	C:\WINDOWS\System32\IMM32.DLL
0x00007ffa381f0000 - 0x00007ffa381fc000 	C:\Program Files\Java\jdk-17\bin\vcruntime140_1.dll
0x00007ff9f9830000 - 0x00007ff9f98be000 	C:\Program Files\Java\jdk-17\bin\msvcp140.dll
0x00007ff982040000 - 0x00007ff982c20000 	C:\Program Files\Java\jdk-17\bin\server\jvm.dll
0x00007ffa7b780000 - 0x00007ffa7b788000 	C:\WINDOWS\System32\PSAPI.DLL
0x00007ffa4cbf0000 - 0x00007ffa4cbfa000 	C:\WINDOWS\SYSTEM32\WSOCK32.dll
0x00007ffa7a9a0000 - 0x00007ffa7aa22000 	C:\WINDOWS\System32\WS2_32.dll
0x00007ffa6d510000 - 0x00007ffa6d546000 	C:\WINDOWS\SYSTEM32\WINMM.dll
0x00007ffa78150000 - 0x00007ffa7816b000 	C:\WINDOWS\SYSTEM32\kernel.appcore.dll
0x00007ffa37de0000 - 0x00007ffa37dea000 	C:\Program Files\Java\jdk-17\bin\jimage.dll
0x00007ffa765b0000 - 0x00007ffa767f2000 	C:\WINDOWS\SYSTEM32\DBGHELP.DLL
0x00007ffa7a070000 - 0x00007ffa7a3f5000 	C:\WINDOWS\System32\combase.dll
0x00007ffa7b850000 - 0x00007ffa7b929000 	C:\WINDOWS\System32\OLEAUT32.dll
0x00007ffa40390000 - 0x00007ffa403cb000 	C:\WINDOWS\SYSTEM32\dbgcore.DLL
0x00007ffa79a60000 - 0x00007ffa79b0c000 	C:\WINDOWS\System32\bcryptPrimitives.dll
0x00007ffa1da90000 - 0x00007ffa1dab5000 	C:\Program Files\Java\jdk-17\bin\java.dll

dbghelp: loaded successfully - version: 4.0.5 - missing functions: none
symbol engine: initialized successfully - sym options: 0x614 - pdb path: .;C:\Program Files\Java\jdk-17\bin;C:\WINDOWS\SYSTEM32;C:\WINDOWS\WinSxS\amd64_microsoft.windows.common-controls_6595b64144ccf1df_6.0.26100.8972_none_3e0da176e32f9d4b;C:\Program Files\Java\jdk-17\bin\server

VM Arguments:
java_command: org.jetbrains.kotlin.cli.jvm.K2JVMCompiler @C:\Users\obami\Documents\codes\jobs\edvantagemobile-mikes_branch\node_modules\expo-dev-launcher\expo-dev-launcher-gradle-plugin\build\20260817_13489691503697778141.compiler.options
java_class_path (initial): C:\Users\obami\.gradle\caches\modules-2\files-2.1\org.jetbrains.kotlin\kotlin-compiler-embeddable\1.9.24\78dab849090e6c5e2eadb6e59a11cdc28fb67a08\kotlin-compiler-embeddable-1.9.24.jar;C:\Users\obami\.gradle\caches\modules-2\files-2.1\org.jetbrains.kotlin\kotlin-stdlib\1.9.24\9928532f12c66ad816a625b3f9984f8368ca6d2b\kotlin-stdlib-1.9.24.jar;C:\Users\obami\.gradle\caches\modules-2\files-2.1\org.jetbrains.kotlin\kotlin-script-runtime\1.9.24\96771497da90fbc5af1c90fce148db2595a62502\kotlin-script-runtime-1.9.24.jar;C:\Users\obami\.gradle\caches\modules-2\files-2.1\org.jetbrains.kotlin\kotlin-reflect\1.6.10\1cbe9c92c12a94eea200d23c2bbaedaf3daf5132\kotlin-reflect-1.6.10.jar;C:\Users\obami\.gradle\caches\modules-2\files-2.1\org.jetbrains.kotlin\kotlin-daemon-embeddable\1.9.24\86685b9c5e8d170925bd9ddbdc263374a6a73281\kotlin-daemon-embeddable-1.9.24.jar;C:\Users\obami\.gradle\caches\modules-2\files-2.1\org.jetbrains.intellij.deps\trove4j\1.0.20200330\3afb14d5f9ceb459d724e907a21145e8ff394f02\trove4j-1.0.20200330.jar;C:\Users\obami\.gradle\caches\modules-2\files-2.1\org.jetbrains\annotations\13.0\919f0dfe192fb4e063e7dacadee7f8bb9a2672a9\annotations-13.0.jar
Launcher Type: SUN_STANDARD

[Global flags]
     intx CICompilerCount                          = 4                                         {product} {ergonomic}
     uint ConcGCThreads                            = 3                                         {product} {ergonomic}
     uint G1ConcRefinementThreads                  = 10                                        {product} {ergonomic}
   size_t G1HeapRegionSize                         = 1048576                                   {product} {ergonomic}
    uintx GCDrainStackTargetSize                   = 64                                        {product} {ergonomic}
   size_t InitialHeapSize                          = 130023424                                 {product} {ergonomic}
   size_t MarkStackSize                            = 4194304                                   {product} {ergonomic}
   size_t MaxHeapSize                              = 2063597568                                {product} {ergonomic}
   size_t MinHeapDeltaBytes                        = 1048576                                   {product} {ergonomic}
   size_t MinHeapSize                              = 8388608                                   {product} {ergonomic}
    uintx NonNMethodCodeHeapSize                   = 5839372                                {pd product} {ergonomic}
    uintx NonProfiledCodeHeapSize                  = 122909434                              {pd product} {ergonomic}
    uintx ProfiledCodeHeapSize                     = 122909434                              {pd product} {ergonomic}
    uintx ReservedCodeCacheSize                    = 251658240                              {pd product} {ergonomic}
     bool SegmentedCodeCache                       = true                                      {product} {ergonomic}
   size_t SoftMaxHeapSize                          = 2063597568                             {manageable} {ergonomic}
     bool UseCompressedClassPointers               = true                           {product lp64_product} {ergonomic}
     bool UseCompressedOops                        = true                           {product lp64_product} {ergonomic}
     bool UseG1GC                                  = true                                      {product} {ergonomic}
     bool UseLargePagesIndividualAllocation        = false                                  {pd product} {ergonomic}

Logging:
Log output configuration:
 #0: stdout all=warning uptime,level,tags
 #1: stderr all=off uptime,level,tags

Environment Variables:
JAVA_HOME=C:\Program Files\Java\jdk-17
PATH=C:\Program Files\Common Files\Siemens\Automation\Simatic OAM\bin;C:\Program Files\Common Files\Oracle\Java\javapath;C:\Program Files\Eclipse Adoptium\jdk-21.0.7.6-hotspot\bin;C:\windows\system32;C:\windows;C:\windows\System32\Wbem;C:\windows\System32\WindowsPowerShell\v1.0\;C:\windows\System32\OpenSSH\;C:\Program Files (x86)\NVIDIA Corporation\PhysX\Common;C:\Program Files\NVIDIA Corporation\NVIDIA NvDLISR;C:\Program Files\Git\cmd;C:\Program Files\nodejs\;C:\ProgramData\chocolatey\bin;C:\WINDOWS\system32;C:\WINDOWS;C:\WINDOWS\System32\Wbem;C:\WINDOWS\System32\WindowsPowerShell\v1.0\;C:\WINDOWS\System32\OpenSSH\;C:\Program Files\dotnet\;C:\Program Files (x86)\Microsoft SQL Server\160\Tools\Binn\;C:\Program Files\Microsoft SQL Server\160\Tools\Binn\;C:\Program Files\Microsoft SQL Server\Client SDK\ODBC\170\Tools\Binn\;C:\Program Files\Microsoft SQL Server\160\DTS\Binn\;C:\Program Files (x86)\Windows Kits\8.1\Windows Performance Toolkit\;C:\Program Files\CMake\bin;C:\Program Files\Polyspace\R2019a\runtime\win64;C:\Program Files\Polyspace\R2019a\bin;C:\Program Files\MATLAB\R2024a\runtime\win64;C:\Program Files\MATLAB\R2024a\bin;C:\Program Files (x86)\Microsoft SQL Server\Client SDK\ODBC\110\Tools\Binn\;C:\Program Files (x86)\Microsoft SQL Server\120\Tools\Binn\;C:\Program Files (x86)\Microsoft SQL Server\120\DTS\Binn\;C:\Program Files\Polyspace\R2019a\polyspace\bin;C:\Users\obami\.cargo\bin;C:\Users\obami\AppData\Local\Programs\Python\Python38;C:\Users\obami\AppData\Local\Programs\Python\Python39\;C:\Users\obami\AppData\Local\Programs\Python\Python39;C:\Users\obami\AppData\Local\Programs\Python\Python313\Scripts;C:\Users\obami\AppData\Local\Programs\Microsoft VS Code\bin;C:\Users\obami\AppData\Local\Programs\Python\Python38\Scripts;C:\Users\obami\AppData\Roaming\npm;C:\Users\obami\AppData\Local\Programs\Antigravity\bin;C:\Users\obami\libimobiledevice;C:\Users\obami\AppData\Local\Programs\Antigravity IDE\bin
USERNAME=obami
OS=Windows_NT
PROCESSOR_IDENTIFIER=Intel64 Family 6 Model 154 Stepping 4, GenuineIntel



---------------  S Y S T E M  ---------------

OS:
 Windows 11 , 64 bit Build 26100 (10.0.26100.9168)
OS uptime: 0 days 7:49 hours
Hyper-V role detected

CPU: total 12 (initial active 12) (6 cores per cpu, 2 threads per core) family 6 model 154 stepping 4 microcode 0x437, cx8, cmov, fxsr, ht, mmx, 3dnowpref, sse, sse2, sse3, ssse3, sse4.1, sse4.2, popcnt, lzcnt, tsc, tscinvbit, avx, avx2, aes, erms, clmul, bmi1, bmi2, adx, sha, fma, vzeroupper, clflush, clflushopt, clwb, hv

Memory: 4k page, system-wide physical 7865M (506M free)
TotalPageFile size 32441M (AvailPageFile size 62M)
current process WorkingSet (physical memory assigned to process): 12M, peak: 12M
current process commit charge ("private bytes"): 64M, peak: 188M

vm_info: Java HotSpot(TM) 64-Bit Server VM (17.0.12+8-LTS-286) for windows-amd64 JRE (17.0.12+8-LTS-286), built on Jun  5 2024 06:46:59 by "mach5one" with MS VC++ 17.6 (VS2022)

END.
